Archive member included to satisfy reference by file (symbol)

app/libapp.a(main.c.obj)      (--whole-archive)
app/libapp.a(led_control.c.obj)
                              (--whole-archive)
app/libapp.a(button_input.c.obj)
                              (--whole-archive)
app/libapp.a(motor_driver.c.obj)
                              (--whole-archive)
zephyr/libzephyr.a(heap.c.obj)
                              (--whole-archive)
zephyr/libzephyr.a(cbprintf_packaged.c.obj)
                              (--whole-archive)
zephyr/libzephyr.a(printk.c.obj)
                              (--whole-archive)
zephyr/libzephyr.a(sem.c.obj)
                              (--whole-archive)
zephyr/libzephyr.a(thread_entry.c.obj)
                              (--whole-archive)
zephyr/libzephyr.a(cbprintf_complete.c.obj)
                              (--whole-archive)
zephyr/libzephyr.a(assert.c.obj)
                              (--whole-archive)
zephyr/libzephyr.a(mpsc_pbuf.c.obj)
                              (--whole-archive)
zephyr/libzephyr.a(reboot.c.obj)
                              (--whole-archive)
zephyr/libzephyr.a(dec.c.obj)
                              (--whole-archive)
zephyr/libzephyr.a(hex.c.obj)
                              (--whole-archive)
zephyr/libzephyr.a(rb.c.obj)  (--whole-archive)
zephyr/libzephyr.a(timeutil.c.obj)
                              (--whole-archive)
zephyr/libzephyr.a(bitarray.c.obj)
                              (--whole-archive)
zephyr/libzephyr.a(onoff.c.obj)
                              (--whole-archive)
zephyr/libzephyr.a(notify.c.obj)
                              (--whole-archive)
zephyr/libzephyr.a(ring_buffer.c.obj)
                              (--whole-archive)
zephyr/libzephyr.a(last_section_id.c.obj)
                              (--whole-archive)
zephyr/libzephyr.a(configs.c.obj)
                              (--whole-archive)
zephyr/libzephyr.a(log_core.c.obj)
                              (--whole-archive)
zephyr/libzephyr.a(log_mgmt.c.obj)
                              (--whole-archive)
zephyr/libzephyr.a(log_cache.c.obj)
                              (--whole-archive)
zephyr/libzephyr.a(log_msg.c.obj)
                              (--whole-archive)
zephyr/libzephyr.a(log_output.c.obj)
                              (--whole-archive)
zephyr/libzephyr.a(log_backend_uart.c.obj)
                              (--whole-archive)
zephyr/libzephyr.a(mem_attr.c.obj)
                              (--whole-archive)
zephyr/libzephyr.a(tracing_none.c.obj)
                              (--whole-archive)
zephyr/libzephyr.a(banner.c.obj)
                              (--whole-archive)
zephyr/libzephyr.a(flash_map_partition_manager.c.obj)
                              (--whole-archive)
zephyr/arch/common/libarch__common.a(sw_isr_common.c.obj)
                              (--whole-archive)
zephyr/arch/arch/arm/core/libarch__arm__core.a(fatal.c.obj)
                              (--whole-archive)
zephyr/arch/arch/arm/core/libarch__arm__core.a(nmi.c.obj)
                              (--whole-archive)
zephyr/arch/arch/arm/core/libarch__arm__core.a(nmi_on_reset.S.obj)
                              (--whole-archive)
zephyr/arch/arch/arm/core/libarch__arm__core.a(tls.c.obj)
                              (--whole-archive)
zephyr/arch/arch/arm/core/cortex_m/libarch__arm__core__cortex_m.a(exc_exit.c.obj)
                              (--whole-archive)
zephyr/arch/arch/arm/core/cortex_m/libarch__arm__core__cortex_m.a(fault.c.obj)
                              (--whole-archive)
zephyr/arch/arch/arm/core/cortex_m/libarch__arm__core__cortex_m.a(fault_s.S.obj)
                              (--whole-archive)
zephyr/arch/arch/arm/core/cortex_m/libarch__arm__core__cortex_m.a(fpu.c.obj)
                              (--whole-archive)
zephyr/arch/arch/arm/core/cortex_m/libarch__arm__core__cortex_m.a(reset.S.obj)
                              (--whole-archive)
zephyr/arch/arch/arm/core/cortex_m/libarch__arm__core__cortex_m.a(scb.c.obj)
                              (--whole-archive)
zephyr/arch/arch/arm/core/cortex_m/libarch__arm__core__cortex_m.a(thread_abort.c.obj)
                              (--whole-archive)
zephyr/arch/arch/arm/core/cortex_m/libarch__arm__core__cortex_m.a(vector_table.S.obj)
                              (--whole-archive)
zephyr/arch/arch/arm/core/cortex_m/libarch__arm__core__cortex_m.a(swap_helper.S.obj)
                              (--whole-archive)
zephyr/arch/arch/arm/core/cortex_m/libarch__arm__core__cortex_m.a(irq_manage.c.obj)
                              (--whole-archive)
zephyr/arch/arch/arm/core/cortex_m/libarch__arm__core__cortex_m.a(prep_c.c.obj)
                              (--whole-archive)
zephyr/arch/arch/arm/core/cortex_m/libarch__arm__core__cortex_m.a(thread.c.obj)
                              (--whole-archive)
zephyr/arch/arch/arm/core/cortex_m/libarch__arm__core__cortex_m.a(cpu_idle.c.obj)
                              (--whole-archive)
[...]
Memory Configuration

Name             Origin             Length             Attributes
FLASH            0x0000000000000000 0x0000000000165000 xr
RAM              0x0000000020000000 0x000000000002f000 xw
IDT_LIST         0x00000000ffff7fff 0x0000000000008000 xw
*default*        0x0000000000000000 0xffffffffffffffff

Linker script and memory map

                0x00000000000089cc                vfprintf = __l_vfprintf
                0x0000000000000000                vfscanf = __l_vfscanf
LOAD zephyr/CMakeFiles/zephyr_pre0.dir/misc/empty_file.c.obj
LOAD zephyr/CMakeFiles/offsets.dir/./arch/arm/core/offsets/offsets.c.obj
LOAD app/libapp.a
LOAD zephyr/libzephyr.a
LOAD zephyr/arch/common/libarch__common.a
LOAD zephyr/arch/arch/arm/core/libarch__arm__core.a
LOAD zephyr/arch/arch/arm/core/cortex_m/libarch__arm__core__cortex_m.a
LOAD zephyr/arch/arch/arm/core/cortex_m/cmse/libarch__arm__core__cortex_m__cmse.a
LOAD zephyr/arch/arch/arm/core/mpu/libarch__arm__core__mpu.a
LOAD zephyr/lib/libc/picolibc/liblib__libc__picolibc.a
LOAD zephyr/lib/libc/common/liblib__libc__common.a
LOAD zephyr/soc/soc/nrf54l15/libsoc__nordic.a
LOAD zephyr/drivers/cache/libdrivers__cache.a
LOAD zephyr/drivers/clock_control/libdrivers__clock_control.a
LOAD zephyr/drivers/console/libdrivers__console.a
LOAD zephyr/drivers/gpio/libdrivers__gpio.a
LOAD zephyr/drivers/led/libdrivers__led.a
LOAD zephyr/drivers/pinctrl/libdrivers__pinctrl.a
LOAD zephyr/drivers/pwm/libdrivers__pwm.a
LOAD zephyr/drivers/serial/libdrivers__serial.a
LOAD zephyr/drivers/timer/libdrivers__timer.a
LOAD modules/nrf/subsys/nrf_security/src/zephyr/libmbedtls_zephyr.a
LOAD modules/hal_nordic/modules/hal_nordic/nrfx/libmodules__hal_nordic__nrfx.a
LOAD zephyr/kernel/libkernel.a
LOAD modules/nrf/subsys/nrf_security/src/libmbedcrypto.a
LOAD modules/nrf/subsys/nrf_security/src/core/nrf_oberon/libpsa_core.a
LOAD modules/nrf/subsys/nrf_security/src/drivers/cracen/libcracen_psa_driver.a
LOAD modules/nrf/subsys/nrf_security/src/libmbedcrypto_base.a
LOAD modules/nrf/subsys/nrf_security/src/libnrf_security_utils.a
LOAD zephyr/kernel/libkernel.a
LOAD zephyr/arch/common/libisr_tables.a
LOAD /home/maxitai/ncs/toolchains/c5be9c56c7/opt/zephyr-sdk/arm-zephyr-eabi/bin/../lib/gcc/../../picolibc/arm-zephyr-eabi/lib/thumb/v8-m.main/nofp/libc.a
LOAD /home/maxitai/ncs/toolchains/c5be9c56c7/opt/zephyr-sdk/arm-zephyr-eabi/bin/../lib/gcc/arm-zephyr-eabi/12.2.0/thumb/v8-m.main/nofp/libgcc.a
                0x0000000000000020                _region_min_align = 0x20

.rel.plt        0x0000000000000000        0x0
 *(SORT_BY_ALIGNMENT(.rel.plt))
                [!provide]                        PROVIDE (__rel_iplt_start = .)
 *(SORT_BY_ALIGNMENT(.rel.iplt))
 .rel.iplt      0x0000000000000000        0x0 app/libapp.a(main.c.obj)
                [!provide]                        PROVIDE (__rel_iplt_end = .)

.rela.plt       0x0000000000000000        0x0
 *(SORT_BY_ALIGNMENT(.rela.plt))
                [!provide]                        PROVIDE (__rela_iplt_start = .)
 *(SORT_BY_ALIGNMENT(.rela.iplt))
                [!provide]                        PROVIDE (__rela_iplt_end = .)

.rel.dyn
 *(SORT_BY_ALIGNMENT(.rel.*))

.rela.dyn
 *(SORT_BY_ALIGNMENT(.rela.*))

/DISCARD/
 *(SORT_BY_ALIGNMENT(.plt))

/DISCARD/
 *(SORT_BY_ALIGNMENT(.iplt))
                0x0000000000000000                __rom_region_start = 0x0

rom_start       0x0000000000000000      0x47c
                0x0000000000000000                __rom_start_address = .
 FILL mask 0x00
                0x0000000000000000                . = (. + (0x0 - (. - __rom_start_address)))
                0x0000000000000000                . = ALIGN (0x4)
                0x0000000000000000                . = ALIGN (0x80)
                0x0000000000000000                . = ALIGN (0x800)
                0x0000000000000000                _vector_start = .
 *(SORT_BY_ALIGNMENT(.exc_vector_table))
 *(SORT_BY_ALIGNMENT(.exc_vector_table.*))
 .exc_vector_table._vector_table_section
                0x0000000000000000       0x40 zephyr/arch/arch/arm/core/cortex_m/libarch__arm__core__cortex_m.a(vector_table.S.obj)
                0x0000000000000000                _vector_table
 *(SORT_BY_ALIGNMENT(.vectors))
                0x000000000000047c                _vector_end = .
                0x0000000000000040                . = ALIGN (0x4)
 *(SORT_BY_ALIGNMENT(.gnu.linkonce.irq_vector_table*))
 .gnu.linkonce.irq_vector_table
                0x0000000000000040      0x43c zephyr/arch/common/libisr_tables.a(isr_tables.c.obj)
                0x0000000000000040                _irq_vector_table
                0x000000000000047c                _vector_end = .

text            0x0000000000000480     0xaed4
                0x0000000000000480                __text_region_start = .
 *(SORT_BY_ALIGNMENT(.text))
 .text          0x0000000000000480      0x378 /home/maxitai/ncs/toolchains/c5be9c56c7/opt/zephyr-sdk/arm-zephyr-eabi/bin/../lib/gcc/arm-zephyr-eabi/12.2.0/thumb/v8-m.main/nofp/libgcc.a(_arm_addsubdf3.o)
                0x0000000000000480                __aeabi_drsub
                0x0000000000000488                __aeabi_dsub
                0x0000000000000488                __subdf3
                0x000000000000048c                __adddf3
                0x000000000000048c                __aeabi_dadd
                0x0000000000000704                __aeabi_ui2d
                0x0000000000000704                __floatunsidf
                0x0000000000000724                __floatsidf
                0x0000000000000724                __aeabi_i2d
                0x0000000000000748                __extendsfdf2
                0x0000000000000748                __aeabi_f2d
                0x000000000000078c                __aeabi_ul2d
                0x000000000000078c                __floatundidf
                0x000000000000079c                __floatdidf
                0x000000000000079c                __aeabi_l2d
 .text          0x00000000000007f8      0x424 /home/maxitai/ncs/toolchains/c5be9c56c7/opt/zephyr-sdk/arm-zephyr-eabi/bin/../lib/gcc/arm-zephyr-eabi/12.2.0/thumb/v8-m.main/nofp/libgcc.a(_arm_muldivdf3.o)
                0x00000000000007f8                __aeabi_dmul
                0x00000000000007f8                __muldf3
                0x0000000000000a4c                __aeabi_ddiv
                0x0000000000000a4c                __divdf3
 .text          0x0000000000000c1c      0x110 /home/maxitai/ncs/toolchains/c5be9c56c7/opt/zephyr-sdk/arm-zephyr-eabi/bin/../lib/gcc/arm-zephyr-eabi/12.2.0/thumb/v8-m.main/nofp/libgcc.a(_arm_cmpdf2.o)
                0x0000000000000c1c                __gtdf2
                0x0000000000000c1c                __gedf2
                0x0000000000000c24                __ltdf2
                0x0000000000000c24                __ledf2
                0x0000000000000c2c                __cmpdf2
                0x0000000000000c2c                __eqdf2
                0x0000000000000c2c                __nedf2
                0x0000000000000ca8                __aeabi_cdrcmple
                0x0000000000000cb8                __aeabi_cdcmple
                0x0000000000000cb8                __aeabi_cdcmpeq
                0x0000000000000cc8                __aeabi_dcmpeq
                0x0000000000000cdc                __aeabi_dcmplt
                0x0000000000000cf0                __aeabi_dcmple
                0x0000000000000d04                __aeabi_dcmpge
                0x0000000000000d18                __aeabi_dcmpgt
 .text          0x0000000000000d2c       0x50 /home/maxitai/ncs/toolchains/c5be9c56c7/opt/zephyr-sdk/arm-zephyr-eabi/bin/../lib/gcc/arm-zephyr-eabi/12.2.0/thumb/v8-m.main/nofp/libgcc.a(_arm_fixdfsi.o)
                0x0000000000000d2c                __fixdfsi
                0x0000000000000d2c                __aeabi_d2iz
 .text          0x0000000000000d7c       0xa0 /home/maxitai/ncs/toolchains/c5be9c56c7/opt/zephyr-sdk/arm-zephyr-eabi/bin/../lib/gcc/arm-zephyr-eabi/12.2.0/thumb/v8-m.main/nofp/libgcc.a(_arm_truncdfsf2.o)
                0x0000000000000d7c                __aeabi_d2f
                0x0000000000000d7c                __truncdfsf2
 .text          0x0000000000000e1c      0x21c /home/maxitai/ncs/toolchains/c5be9c56c7/opt/zephyr-sdk/arm-zephyr-eabi/bin/../lib/gcc/arm-zephyr-eabi/12.2.0/thumb/v8-m.main/nofp/libgcc.a(_arm_addsubsf3.o)
                0x0000000000000e1c                __aeabi_frsub
                0x0000000000000e24                __subsf3
                0x0000000000000e24                __aeabi_fsub
                0x0000000000000e28                __aeabi_fadd
                0x0000000000000e28                __addsf3
                0x0000000000000f88                __aeabi_ui2f
                0x0000000000000f88                __floatunsisf
                0x0000000000000f90                __aeabi_i2f
                0x0000000000000f90                __floatsisf
                0x0000000000000fac                __floatundisf
                0x0000000000000fac                __aeabi_ul2f
                0x0000000000000fbc                __floatdisf
                0x0000000000000fbc                __aeabi_l2f
 .text          0x0000000000001038      0x2a0 /home/maxitai/ncs/toolchains/c5be9c56c7/opt/zephyr-sdk/arm-zephyr-eabi/bin/../lib/gcc/arm-zephyr-eabi/12.2.0/thumb/v8-m.main/nofp/libgcc.a(_arm_muldivsf3.o)
                0x0000000000001038                __mulsf3
                0x0000000000001038                __aeabi_fmul
                0x00000000000011a0                __divsf3
                0x00000000000011a0                __aeabi_fdiv
 .text          0x00000000000012d8       0x40 /home/maxitai/ncs/toolchains/c5be9c56c7/opt/zephyr-sdk/arm-zephyr-eabi/bin/../lib/gcc/arm-zephyr-eabi/12.2.0/thumb/v8-m.main/nofp/libgcc.a(_arm_fixunssfsi.o)
                0x00000000000012d8                __aeabi_f2uiz
                0x00000000000012d8                __fixunssfsi
 .text          0x0000000000001318       0x30 /home/maxitai/ncs/toolchains/c5be9c56c7/opt/zephyr-sdk/arm-zephyr-eabi/bin/../lib/gcc/arm-zephyr-eabi/12.2.0/thumb/v8-m.main/nofp/libgcc.a(_aeabi_uldivmod.o)
                0x0000000000001318                __aeabi_uldivmod
 .text          0x0000000000001348        0x4 /home/maxitai/ncs/toolchains/c5be9c56c7/opt/zephyr-sdk/arm-zephyr-eabi/bin/../lib/gcc/arm-zephyr-eabi/12.2.0/thumb/v8-m.main/nofp/libgcc.a(_dvmd_tls.o)
                0x0000000000001348                __aeabi_ldiv0
                0x0000000000001348                __aeabi_idiv0
 .text          0x000000000000134c       0x10 /home/maxitai/ncs/toolchains/c5be9c56c7/opt/zephyr-sdk/arm-zephyr-eabi/bin/../lib/gcc/../../picolibc/arm-zephyr-eabi/lib/thumb/v8-m.main/nofp/libc.a(strlen.S.o)
                0x000000000000134c                strlen
 .text          0x000000000000135c      0x29c /home/maxitai/ncs/toolchains/c5be9c56c7/opt/zephyr-sdk/arm-zephyr-eabi/bin/../lib/gcc/arm-zephyr-eabi/12.2.0/thumb/v8-m.main/nofp/libgcc.a(_udivmoddi4.o)
                0x000000000000135c                __udivmoddi4
 *(SORT_BY_ALIGNMENT(.text.*))
 .text.pwm_set_dt.isra.0
                0x00000000000015f8       0x9c app/libapp.a(led_control.c.obj)
 *fill*         0x0000000000001694        0x4 
 .text.led_control_periodic
                0x0000000000001698      0x1a0 app/libapp.a(led_control.c.obj)
                0x0000000000001698                led_control_periodic
 .text.pwm_set_dt.constprop.0.isra.0
                0x0000000000001838       0x98 app/libapp.a(motor_driver.c.obj)
 .text.pwm_set  0x00000000000018d0       0x9c zephyr/drivers/led/libdrivers__led.a(led_pwm.c.obj)
 *fill*         0x000000000000196c        0x4 
 .text.__kernel_cos
                0x0000000000001970      0x16c /home/maxitai/ncs/toolchains/c5be9c56c7/opt/zephyr-sdk/arm-zephyr-eabi/bin/../lib/gcc/../../picolibc/arm-zephyr-eabi/lib/thumb/v8-m.main/nofp/libc.a(libm_math_k_cos.c.o)
                0x0000000000001970                __kernel_cos
 *fill*         0x0000000000001adc        0x4 
 .text.__kernel_sin
                0x0000000000001ae0      0x164 /home/maxitai/ncs/toolchains/c5be9c56c7/opt/zephyr-sdk/arm-zephyr-eabi/bin/../lib/gcc/../../picolibc/arm-zephyr-eabi/lib/thumb/v8-m.main/nofp/libc.a(libm_math_k_sin.c.o)
                0x0000000000001ae0                __kernel_sin
 *fill*         0x0000000000001c44        0x4 
 .text.__rem_pio2
                0x0000000000001c48      0x3e4 /home/maxitai/ncs/toolchains/c5be9c56c7/opt/zephyr-sdk/arm-zephyr-eabi/bin/../lib/gcc/../../picolibc/arm-zephyr-eabi/lib/thumb/v8-m.main/nofp/libc.a(libm_math_s_rem_pio2.c.o)
                0x0000000000001c48                __rem_pio2
 .text.my_button_event
                0x000000000000202c       0x78 app/libapp.a(main.c.obj)
                0x000000000000202c                my_button_event
 .text.main     0x00000000000020a4       0x7c app/libapp.a(main.c.obj)
                0x00000000000020a4                main
 .text.led_control_set_color
                0x0000000000002120       0x40 app/libapp.a(led_control.c.obj)
                0x0000000000002120                led_control_set_color
 .text.led_control_init
                0x0000000000002160       0x44 app/libapp.a(led_control.c.obj)
                0x0000000000002160                led_control_init
 .text.led_control_set_mode
                0x00000000000021a4        0xc app/libapp.a(led_control.c.obj)
                0x00000000000021a4                led_control_set_mode
 .text.button_handler
                0x00000000000021b0       0x68 app/libapp.a(button_input.c.obj)
 .text.button_input_init
                0x0000000000002218       0xb8 app/libapp.a(button_input.c.obj)
                0x0000000000002218                button_input_init
 .text.motor_driver_set_mode
                0x00000000000022d0        0xc app/libapp.a(motor_driver.c.obj)
                0x00000000000022d0                motor_driver_set_mode
 .text.motor_driver_periodic
                0x00000000000022dc       0xd0 app/libapp.a(motor_driver.c.obj)
                0x00000000000022dc                motor_driver_periodic
 .text.cbvprintf_package
                0x00000000000023ac      0x3a4 zephyr/libzephyr.a(cbprintf_packaged.c.obj)
                0x00000000000023ac                cbvprintf_package
 .text.cbprintf_package_convert
                0x0000000000002750      0x3cc zephyr/libzephyr.a(cbprintf_packaged.c.obj)
                0x0000000000002750                cbprintf_package_convert
 .text.__printk_hook_install
                0x0000000000002b1c        0xc zephyr/libzephyr.a(printk.c.obj)
                0x0000000000002b1c                __printk_hook_install
 .text.z_thread_entry
                0x0000000000002b28       0x34 zephyr/libzephyr.a(thread_entry.c.obj)
                0x0000000000002b28                z_thread_entry
 .text.process_event
                0x0000000000002b5c      0x21c zephyr/libzephyr.a(onoff.c.obj)
 .text.activate_foreach_backend
                0x0000000000002d78       0x64 zephyr/libzephyr.a(log_core.c.obj)
 .text.enable_logger
                0x0000000000002ddc       0x5c zephyr/libzephyr.a(log_core.c.obj)
 .text.log_process_thread_timer_expiry_fn
                0x0000000000002e38        0xc zephyr/libzephyr.a(log_core.c.obj)
 .text.z_log_init
                0x0000000000002e44       0x98 zephyr/libzephyr.a(log_core.c.obj)
 .text.log_format_func_t_get
                0x0000000000002edc        0xc zephyr/libzephyr.a(log_core.c.obj)
                0x0000000000002edc                log_format_func_t_get
 .text.log_set_timestamp_func
                0x0000000000002ee8       0x20 zephyr/libzephyr.a(log_core.c.obj)
                0x0000000000002ee8                log_set_timestamp_func
 .text.z_log_notify_backend_enabled
                0x0000000000002f08       0x1c zephyr/libzephyr.a(log_core.c.obj)
                0x0000000000002f08                z_log_notify_backend_enabled
 .text.z_log_dropped
                0x0000000000002f24       0x3c zephyr/libzephyr.a(log_core.c.obj)
                0x0000000000002f24                z_log_dropped
 .text.z_log_dropped_read_and_clear
                0x0000000000002f60       0x18 zephyr/libzephyr.a(log_core.c.obj)
                0x0000000000002f60                z_log_dropped_read_and_clear
 .text.dropped_notify
                0x0000000000002f78       0x30 zephyr/libzephyr.a(log_core.c.obj)
                0x0000000000002f78                dropped_notify
 .text.z_log_msg_init
                0x0000000000002fa8       0x20 zephyr/libzephyr.a(log_core.c.obj)
                0x0000000000002fa8                z_log_msg_init
 .text.log_core_init
                0x0000000000002fc8       0x54 zephyr/libzephyr.a(log_core.c.obj)
                0x0000000000002fc8                log_core_init
 .text.z_log_msg_alloc
                0x000000000000301c       0x10 zephyr/libzephyr.a(log_core.c.obj)
                0x000000000000301c                z_log_msg_alloc
 .text.z_log_msg_local_claim
                0x000000000000302c        0xc zephyr/libzephyr.a(log_core.c.obj)
                0x000000000000302c                z_log_msg_local_claim
 .text.z_log_msg_free
                0x0000000000003038       0x10 zephyr/libzephyr.a(log_core.c.obj)
                0x0000000000003038                z_log_msg_free
 .text.z_log_msg_pending
                0x0000000000003048        0xc zephyr/libzephyr.a(log_core.c.obj)
                0x0000000000003048                z_log_msg_pending
 .text.z_impl_log_process
                0x0000000000003054       0xb8 zephyr/libzephyr.a(log_core.c.obj)
                0x0000000000003054                z_impl_log_process
 .text.z_impl_log_panic
                0x000000000000310c       0x44 zephyr/libzephyr.a(log_core.c.obj)
                0x000000000000310c                z_impl_log_panic
 .text.log_process_thread_func
                0x0000000000003150       0xa4 zephyr/libzephyr.a(log_core.c.obj)
 .text.z_log_msg_post_finalize
                0x00000000000031f4       0x78 zephyr/libzephyr.a(log_core.c.obj)
 .text.z_log_msg_commit
                0x000000000000326c       0x24 zephyr/libzephyr.a(log_core.c.obj)
                0x000000000000326c                z_log_msg_commit
 .text.log_source_name_get
                0x0000000000003290       0x1c zephyr/libzephyr.a(log_mgmt.c.obj)
                0x0000000000003290                log_source_name_get
 .text.z_impl_z_log_msg_static_create
                0x00000000000032ac      0x108 zephyr/libzephyr.a(log_msg.c.obj)
                0x00000000000032ac                z_impl_z_log_msg_static_create
 .text.z_log_msg_runtime_vcreate
                0x00000000000033b4       0xa0 zephyr/libzephyr.a(log_msg.c.obj)
                0x00000000000033b4                z_log_msg_runtime_vcreate
 .text.log_msg_get_source_id
                0x0000000000003454       0x18 zephyr/libzephyr.a(log_msg.c.obj)
                0x0000000000003454                log_msg_get_source_id
 .text.print_formatted
                0x000000000000346c       0x24 zephyr/libzephyr.a(log_output.c.obj)
 .text.newline_print
                0x0000000000003490       0x1c zephyr/libzephyr.a(log_output.c.obj)
 .text.log_output_process
                0x00000000000034ac      0x2d4 zephyr/libzephyr.a(log_output.c.obj)
                0x00000000000034ac                log_output_process
 .text.log_output_dropped_process
                0x0000000000003780       0x58 zephyr/libzephyr.a(log_output.c.obj)
                0x0000000000003780                log_output_dropped_process
 .text.log_output_timestamp_freq_set
                0x00000000000037d8       0x2c zephyr/libzephyr.a(log_output.c.obj)
                0x00000000000037d8                log_output_timestamp_freq_set
 .text.char_out
                0x0000000000003804       0x24 zephyr/libzephyr.a(log_backend_uart.c.obj)
 .text.mem_attr_get_regions
                0x0000000000003828        0xc zephyr/libzephyr.a(mem_attr.c.obj)
                0x0000000000003828                mem_attr_get_regions
 .text.boot_banner
                0x0000000000003834       0x1c zephyr/libzephyr.a(banner.c.obj)
                0x0000000000003834                boot_banner
 .text.z_arm_fatal_error
                0x0000000000003850       0xb8 zephyr/arch/arch/arm/core/libarch__arm__core.a(fatal.c.obj)
                0x0000000000003850                z_arm_fatal_error
 .text.z_SysNmiOnReset
                0x0000000000003908        0x8 zephyr/arch/arch/arm/core/libarch__arm__core.a(nmi_on_reset.S.obj)
                0x0000000000003908                z_SysNmiOnReset
 .text.arch_tls_stack_setup
                0x0000000000003910       0x40 zephyr/arch/arch/arm/core/libarch__arm__core.a(tls.c.obj)
                0x0000000000003910                arch_tls_stack_setup
 .text._HandlerModeExit
                0x0000000000003950       0x20 zephyr/arch/arch/arm/core/cortex_m/libarch__arm__core__cortex_m.a(exc_exit.c.obj)
                0x0000000000003950                z_arm_exc_exit
                0x0000000000003950                z_arm_int_exit
 .text.mem_manage_fault.constprop.0
                0x0000000000003970       0xd0 zephyr/arch/arch/arm/core/cortex_m/libarch__arm__core__cortex_m.a(fault.c.obj)
 .text.usage_fault.constprop.0
                0x0000000000003a40       0xbc zephyr/arch/arch/arm/core/cortex_m/libarch__arm__core__cortex_m.a(fault.c.obj)
 .text.bus_fault.constprop.0
                0x0000000000003afc       0xd0 zephyr/arch/arch/arm/core/cortex_m/libarch__arm__core__cortex_m.a(fault.c.obj)
 .text.z_arm_fault
                0x0000000000003bcc      0x1d0 zephyr/arch/arch/arm/core/cortex_m/libarch__arm__core__cortex_m.a(fault.c.obj)
                0x0000000000003bcc                z_arm_fault
 .text.z_arm_fault_init
                0x0000000000003d9c       0x20 zephyr/arch/arch/arm/core/cortex_m/libarch__arm__core__cortex_m.a(fault.c.obj)
                0x0000000000003d9c                z_arm_fault_init
 .text.__fault  0x0000000000003dbc       0x14 zephyr/arch/arch/arm/core/cortex_m/libarch__arm__core__cortex_m.a(fault_s.S.obj)
                0x0000000000003dbc                z_arm_bus_fault
                0x0000000000003dbc                z_arm_usage_fault
                0x0000000000003dbc                z_arm_mpu_fault
                0x0000000000003dbc                z_arm_exc_spurious
                0x0000000000003dbc                z_arm_debug_monitor
                0x0000000000003dbc                z_arm_hard_fault
 .text._reset_section
                0x0000000000003dd0       0x60 zephyr/arch/arch/arm/core/cortex_m/libarch__arm__core__cortex_m.a(reset.S.obj)
                0x0000000000003dd0                z_arm_reset
                0x0000000000003dd0                __start
 .text.z_arm_clear_arm_mpu_config
                0x0000000000003e30       0x24 zephyr/arch/arch/arm/core/cortex_m/libarch__arm__core__cortex_m.a(scb.c.obj)
                0x0000000000003e30                z_arm_clear_arm_mpu_config
 .text.z_arm_init_arch_hw_at_boot
                0x0000000000003e54       0x4c zephyr/arch/arch/arm/core/cortex_m/libarch__arm__core__cortex_m.a(scb.c.obj)
                0x0000000000003e54                z_arm_init_arch_hw_at_boot
 .text.z_impl_k_thread_abort
                0x0000000000003ea0       0x2c zephyr/arch/arch/arm/core/cortex_m/libarch__arm__core__cortex_m.a(thread_abort.c.obj)
                0x0000000000003ea0                z_impl_k_thread_abort
 .text.z_arm_pendsv
                0x0000000000003ecc       0x68 zephyr/arch/arch/arm/core/cortex_m/libarch__arm__core__cortex_m.a(swap_helper.S.obj)
                0x0000000000003ecc                z_arm_pendsv
 .text.z_arm_svc
                0x0000000000003f34       0x24 zephyr/arch/arch/arm/core/cortex_m/libarch__arm__core__cortex_m.a(swap_helper.S.obj)
                0x0000000000003f34                z_arm_svc
 .text.arm_irq_enable
                0x0000000000003f58       0x1c zephyr/arch/arch/arm/core/cortex_m/libarch__arm__core__cortex_m.a(irq_manage.c.obj)
                0x0000000000003f58                arm_irq_enable
 .text.arm_irq_disable
                0x0000000000003f74       0x28 zephyr/arch/arch/arm/core/cortex_m/libarch__arm__core__cortex_m.a(irq_manage.c.obj)
                0x0000000000003f74                arm_irq_disable
 .text.arm_irq_is_enabled
                0x0000000000003f9c       0x1c zephyr/arch/arch/arm/core/cortex_m/libarch__arm__core__cortex_m.a(irq_manage.c.obj)
                0x0000000000003f9c                arm_irq_is_enabled
 .text.arm_irq_priority_set
                0x0000000000003fb8       0x2c zephyr/arch/arch/arm/core/cortex_m/libarch__arm__core__cortex_m.a(irq_manage.c.obj)
                0x0000000000003fb8                arm_irq_priority_set
 .text.relocate_vector_table
                0x0000000000003fe4       0x1c zephyr/arch/arch/arm/core/cortex_m/libarch__arm__core__cortex_m.a(prep_c.c.obj)
                0x0000000000003fe4                relocate_vector_table
 .text.z_prep_c
                0x0000000000004000       0x28 zephyr/arch/arch/arm/core/cortex_m/libarch__arm__core__cortex_m.a(prep_c.c.obj)
                0x0000000000004000                z_prep_c
 .text.arch_new_thread
                0x0000000000004028       0x38 zephyr/arch/arch/arm/core/cortex_m/libarch__arm__core__cortex_m.a(thread.c.obj)
                0x0000000000004028                arch_new_thread
 .text.arch_switch_to_main_thread
                0x0000000000004060       0x40 zephyr/arch/arch/arm/core/cortex_m/libarch__arm__core__cortex_m.a(thread.c.obj)
                0x0000000000004060                arch_switch_to_main_thread
 .text.z_arm_cpu_idle_init
                0x00000000000040a0        0xc zephyr/arch/arch/arm/core/cortex_m/libarch__arm__core__cortex_m.a(cpu_idle.c.obj)
                0x00000000000040a0                z_arm_cpu_idle_init
 .text.z_arm_interrupt_init
                0x00000000000040ac       0x20 zephyr/arch/arch/arm/core/cortex_m/libarch__arm__core__cortex_m.a(irq_init.c.obj)
                0x00000000000040ac                z_arm_interrupt_init
 .text._isr_wrapper
                0x00000000000040cc       0x24 zephyr/arch/arch/arm/core/cortex_m/libarch__arm__core__cortex_m.a(isr_wrapper.c.obj)
                0x00000000000040cc                _isr_wrapper
 .text.z_arm_configure_static_mpu_regions
                0x00000000000040f0       0x38 zephyr/arch/arch/arm/core/mpu/libarch__arm__core__mpu.a(arm_core_mpu.c.obj)
                0x00000000000040f0                z_arm_configure_static_mpu_regions
 .text.region_init
                0x0000000000004128       0x34 zephyr/arch/arch/arm/core/mpu/libarch__arm__core__mpu.a(arm_mpu.c.obj)
 .text.region_allocate_and_init
                0x000000000000415c       0x38 zephyr/arch/arch/arm/core/mpu/libarch__arm__core__mpu.a(arm_mpu.c.obj)
 .text.mpu_configure_regions_and_partition.constprop.0
                0x0000000000004194      0x164 zephyr/arch/arch/arm/core/mpu/libarch__arm__core__mpu.a(arm_mpu.c.obj)
 .text.arm_core_mpu_enable
                0x00000000000042f8       0x18 zephyr/arch/arch/arm/core/mpu/libarch__arm__core__mpu.a(arm_mpu.c.obj)
                0x00000000000042f8                arm_core_mpu_enable
 .text.arm_core_mpu_disable
                0x0000000000004310       0x14 zephyr/arch/arch/arm/core/mpu/libarch__arm__core__mpu.a(arm_mpu.c.obj)
                0x0000000000004310                arm_core_mpu_disable
 .text.arm_core_mpu_configure_static_mpu_regions
                0x0000000000004324       0x14 zephyr/arch/arch/arm/core/mpu/libarch__arm__core__mpu.a(arm_mpu.c.obj)
                0x0000000000004324                arm_core_mpu_configure_static_mpu_regions
 .text.arm_core_mpu_mark_areas_for_dynamic_regions
                0x0000000000004338       0xb8 zephyr/arch/arch/arm/core/mpu/libarch__arm__core__mpu.a(arm_mpu.c.obj)
                0x0000000000004338                arm_core_mpu_mark_areas_for_dynamic_regions
 .text.z_arm_mpu_init
                0x00000000000043f0      0x11c zephyr/arch/arch/arm/core/mpu/libarch__arm__core__mpu.a(arm_mpu.c.obj)
                0x00000000000043f0                z_arm_mpu_init
 .text.cbvprintf
                0x000000000000450c       0x38 zephyr/lib/libc/picolibc/liblib__libc__picolibc.a(cbprintf.c.obj)
                0x000000000000450c                cbvprintf
 .text.z_impl_zephyr_fputc
                0x0000000000004544       0x10 zephyr/lib/libc/picolibc/liblib__libc__picolibc.a(stdio.c.obj)
                0x0000000000004544                z_impl_zephyr_fputc
 .text.__stdout_hook_install
                0x0000000000004554       0x18 zephyr/lib/libc/picolibc/liblib__libc__picolibc.a(stdio.c.obj)
                0x0000000000004554                __stdout_hook_install
 .text.malloc_prepare
                0x000000000000456c       0x24 zephyr/lib/libc/common/liblib__libc__common.a(malloc.c.obj)
 .text.nordicsemi_nrf54l_init
                0x0000000000004590       0xa4 zephyr/soc/soc/nrf54l15/libsoc__nordic.a(soc.c.obj)
                0x0000000000004590                nordicsemi_nrf54l_init
 .text.arch_busy_wait
                0x0000000000004634       0x24 zephyr/soc/soc/nrf54l15/libsoc__nordic.a(soc.c.obj)
                0x0000000000004634                arch_busy_wait
 .text.cache_instr_enable
                0x0000000000004658       0x10 zephyr/drivers/cache/libdrivers__cache.a(cache_nrf.c.obj)
                0x0000000000004658                cache_instr_enable
 .text.onoff_stop
                0x0000000000004668       0x30 zephyr/drivers/clock_control/libdrivers__clock_control.a(clock_control_nrf.c.obj)
 .text.onoff_start
                0x0000000000004698       0x44 zephyr/drivers/clock_control/libdrivers__clock_control.a(clock_control_nrf.c.obj)
 .text.generic_hfclk_stop
                0x00000000000046dc       0x34 zephyr/drivers/clock_control/libdrivers__clock_control.a(clock_control_nrf.c.obj)
 .text.clk_init
                0x0000000000004710       0x5c zephyr/drivers/clock_control/libdrivers__clock_control.a(clock_control_nrf.c.obj)
 .text.api_blocking_start
                0x000000000000476c       0x34 zephyr/drivers/clock_control/libdrivers__clock_control.a(clock_control_nrf.c.obj)
 .text.clkstarted_handle.constprop.0
                0x00000000000047a0       0x4c zephyr/drivers/clock_control/libdrivers__clock_control.a(clock_control_nrf.c.obj)
 .text.generic_hfclk_start
                0x00000000000047ec       0x78 zephyr/drivers/clock_control/libdrivers__clock_control.a(clock_control_nrf.c.obj)
 .text.z_nrf_clock_control_lf_on
                0x0000000000004864       0xf4 zephyr/drivers/clock_control/libdrivers__clock_control.a(clock_control_nrf.c.obj)
                0x0000000000004864                z_nrf_clock_control_lf_on
 .text.uart_console_init
                0x0000000000004958       0x28 zephyr/drivers/console/libdrivers__console.a(uart_console.c.obj)
 .text.console_out
                0x0000000000004980       0x28 zephyr/drivers/console/libdrivers__console.a(uart_console.c.obj)
 .text.gpio_nrfx_pin_configure
                0x00000000000049a8      0x188 zephyr/drivers/gpio/libdrivers__gpio.a(gpio_nrfx.c.obj)
 .text.nrfx_gpio_handler
                0x0000000000004b30       0x58 zephyr/drivers/gpio/libdrivers__gpio.a(gpio_nrfx.c.obj)
 .text.gpio_nrfx_init
                0x0000000000004b88       0x54 zephyr/drivers/gpio/libdrivers__gpio.a(gpio_nrfx.c.obj)
 .text.gpio_nrfx_pin_interrupt_configure
                0x0000000000004bdc      0x11c zephyr/drivers/gpio/libdrivers__gpio.a(gpio_nrfx.c.obj)
 .text.led_gpio_init
                0x0000000000004cf8      0x108 zephyr/drivers/led/libdrivers__led.a(led_gpio.c.obj)
 .text.led_pwm_init
                0x0000000000004e00       0x80 zephyr/drivers/led/libdrivers__led.a(led_pwm.c.obj)
 .text.nrf_gpio_pin_port_decode
                0x0000000000004e80       0x20 zephyr/drivers/pinctrl/libdrivers__pinctrl.a(pinctrl_nrf.c.obj)
 .text.pinctrl_configure_pins
                0x0000000000004ea0      0x17c zephyr/drivers/pinctrl/libdrivers__pinctrl.a(pinctrl_nrf.c.obj)
                0x0000000000004ea0                pinctrl_configure_pins
 .text.nrf_gpio_pin_port_decode
                0x000000000000501c       0x20 zephyr/drivers/pwm/libdrivers__pwm.a(pwm_nrfx.c.obj)
 .text.pwm_nrfx_init.part.0.isra.0
                0x000000000000503c       0x3c zephyr/drivers/pwm/libdrivers__pwm.a(pwm_nrfx.c.obj)
 .text.pwm_nrfx_init
                0x0000000000005078       0xa4 zephyr/drivers/pwm/libdrivers__pwm.a(pwm_nrfx.c.obj)
 .text.pwm_nrfx_set_cycles
                0x000000000000511c      0x168 zephyr/drivers/pwm/libdrivers__pwm.a(pwm_nrfx.c.obj)
 .text.uarte_20_init
                0x0000000000005284       0xdc zephyr/drivers/serial/libdrivers__serial.a(uart_nrfx_uarte.c.obj)
 .text.uarte_nrfx_poll_out
                0x0000000000005360       0xb4 zephyr/drivers/serial/libdrivers__serial.a(uart_nrfx_uarte.c.obj)
 .text.sys_clock_timeout_handler
                0x0000000000005414       0x40 zephyr/drivers/timer/libdrivers__timer.a(nrf_grtc_timer.c.obj)
 .text.sys_clock_driver_init
                0x0000000000005454       0x88 zephyr/drivers/timer/libdrivers__timer.a(nrf_grtc_timer.c.obj)
 .text.sys_clock_elapsed
                0x00000000000054dc       0x20 zephyr/drivers/timer/libdrivers__timer.a(nrf_grtc_timer.c.obj)
                0x00000000000054dc                sys_clock_elapsed
 .text.sys_clock_set_timeout
                0x00000000000054fc       0x50 zephyr/drivers/timer/libdrivers__timer.a(nrf_grtc_timer.c.obj)
                0x00000000000054fc                sys_clock_set_timeout
 .text.nrf54l_errata_31
                0x000000000000554c       0x20 modules/hal_nordic/modules/hal_nordic/nrfx/libmodules__hal_nordic__nrfx.a(system_nrf54l.c.obj)
 .text.nrf54l_handle_approtect_signal
                0x000000000000556c       0x34 modules/hal_nordic/modules/hal_nordic/nrfx/libmodules__hal_nordic__nrfx.a(system_nrf54l.c.obj)
 .text.SystemInit
                0x00000000000055a0      0x12c modules/hal_nordic/modules/hal_nordic/nrfx/libmodules__hal_nordic__nrfx.a(system_nrf54l.c.obj)
                0x00000000000055a0                SystemInit
 .text.nrfx_flag32_alloc
                0x00000000000056cc       0x40 modules/hal_nordic/modules/hal_nordic/nrfx/libmodules__hal_nordic__nrfx.a(nrfx_flag32_allocator.c.obj)
                0x00000000000056cc                nrfx_flag32_alloc
 .text.nrfx_flag32_free
                0x000000000000570c       0x38 modules/hal_nordic/modules/hal_nordic/nrfx/libmodules__hal_nordic__nrfx.a(nrfx_flag32_allocator.c.obj)
                0x000000000000570c                nrfx_flag32_free
 .text.clock_stop
                0x0000000000005744       0xe8 modules/hal_nordic/modules/hal_nordic/nrfx/libmodules__hal_nordic__nrfx.a(nrfx_clock.c.obj)
 .text.nrfx_clock_init
                0x000000000000582c       0x20 modules/hal_nordic/modules/hal_nordic/nrfx/libmodules__hal_nordic__nrfx.a(nrfx_clock.c.obj)
                0x000000000000582c                nrfx_clock_init
 .text.nrfx_clock_enable
                0x000000000000584c       0x2c modules/hal_nordic/modules/hal_nordic/nrfx/libmodules__hal_nordic__nrfx.a(nrfx_clock.c.obj)
                0x000000000000584c                nrfx_clock_enable
 .text.nrfx_clock_start
                0x0000000000005878       0xe0 modules/hal_nordic/modules/hal_nordic/nrfx/libmodules__hal_nordic__nrfx.a(nrfx_clock.c.obj)
                0x0000000000005878                nrfx_clock_start
 .text.nrfx_power_clock_irq_handler
                0x0000000000005958       0x88 modules/hal_nordic/modules/hal_nordic/nrfx/libmodules__hal_nordic__nrfx.a(nrfx_clock.c.obj)
                0x0000000000005958                nrfx_power_clock_irq_handler
 .text.nrf_gpio_pin_port_decode
                0x00000000000059e0       0x20 modules/hal_nordic/modules/hal_nordic/nrfx/libmodules__hal_nordic__nrfx.a(nrfx_gpiote.c.obj)
 .text.get_pin_idx
                0x0000000000005a00       0x14 modules/hal_nordic/modules/hal_nordic/nrfx/libmodules__hal_nordic__nrfx.a(nrfx_gpiote.c.obj)
 .text.release_handler
                0x0000000000005a14       0x74 modules/hal_nordic/modules/hal_nordic/nrfx/libmodules__hal_nordic__nrfx.a(nrfx_gpiote.c.obj)
 .text.latch_pending_read_and_check
                0x0000000000005a88       0x58 modules/hal_nordic/modules/hal_nordic/nrfx/libmodules__hal_nordic__nrfx.a(nrfx_gpiote.c.obj)
 .text.pin_te_get.isra.0
                0x0000000000005ae0       0x20 modules/hal_nordic/modules/hal_nordic/nrfx/libmodules__hal_nordic__nrfx.a(nrfx_gpiote.c.obj)
 .text.pin_is_output.isra.0
                0x0000000000005b00       0x24 modules/hal_nordic/modules/hal_nordic/nrfx/libmodules__hal_nordic__nrfx.a(nrfx_gpiote.c.obj)
 .text.pin_in_use_by_te.isra.0
                0x0000000000005b24       0x24 modules/hal_nordic/modules/hal_nordic/nrfx/libmodules__hal_nordic__nrfx.a(nrfx_gpiote.c.obj)
 .text.irq_handler
                0x0000000000005b48      0x1d4 modules/hal_nordic/modules/hal_nordic/nrfx/libmodules__hal_nordic__nrfx.a(nrfx_gpiote.c.obj)
 .text.pin_uninit
                0x0000000000005d1c       0xa4 modules/hal_nordic/modules/hal_nordic/nrfx/libmodules__hal_nordic__nrfx.a(nrfx_gpiote.c.obj)
 .text.nrfx_gpiote_input_configure
                0x0000000000005dc0      0x1d8 modules/hal_nordic/modules/hal_nordic/nrfx/libmodules__hal_nordic__nrfx.a(nrfx_gpiote.c.obj)
                0x0000000000005dc0                nrfx_gpiote_input_configure
 .text.nrfx_gpiote_output_configure
                0x0000000000005f98      0x128 modules/hal_nordic/modules/hal_nordic/nrfx/libmodules__hal_nordic__nrfx.a(nrfx_gpiote.c.obj)
                0x0000000000005f98                nrfx_gpiote_output_configure
 .text.nrfx_gpiote_global_callback_set
                0x00000000000060c0       0x1c modules/hal_nordic/modules/hal_nordic/nrfx/libmodules__hal_nordic__nrfx.a(nrfx_gpiote.c.obj)
                0x00000000000060c0                nrfx_gpiote_global_callback_set
 .text.nrfx_gpiote_channel_get
                0x00000000000060dc       0x3c modules/hal_nordic/modules/hal_nordic/nrfx/libmodules__hal_nordic__nrfx.a(nrfx_gpiote.c.obj)
                0x00000000000060dc                nrfx_gpiote_channel_get
 .text.nrfx_gpiote_init
                0x0000000000006118       0x80 modules/hal_nordic/modules/hal_nordic/nrfx/libmodules__hal_nordic__nrfx.a(nrfx_gpiote.c.obj)
                0x0000000000006118                nrfx_gpiote_init
 .text.nrfx_gpiote_init_check
                0x0000000000006198       0x1c modules/hal_nordic/modules/hal_nordic/nrfx/libmodules__hal_nordic__nrfx.a(nrfx_gpiote.c.obj)
                0x0000000000006198                nrfx_gpiote_init_check
 .text.nrfx_gpiote_channel_free
                0x00000000000061b4       0x10 modules/hal_nordic/modules/hal_nordic/nrfx/libmodules__hal_nordic__nrfx.a(nrfx_gpiote.c.obj)
                0x00000000000061b4                nrfx_gpiote_channel_free
 .text.nrfx_gpiote_channel_alloc
                0x00000000000061c4       0x10 modules/hal_nordic/modules/hal_nordic/nrfx/libmodules__hal_nordic__nrfx.a(nrfx_gpiote.c.obj)
                0x00000000000061c4                nrfx_gpiote_channel_alloc
 .text.nrfx_gpiote_trigger_enable
                0x00000000000061d4       0xb8 modules/hal_nordic/modules/hal_nordic/nrfx/libmodules__hal_nordic__nrfx.a(nrfx_gpiote.c.obj)
                0x00000000000061d4                nrfx_gpiote_trigger_enable
 .text.nrfx_gpiote_20_irq_handler
                0x000000000000628c       0x10 modules/hal_nordic/modules/hal_nordic/nrfx/libmodules__hal_nordic__nrfx.a(nrfx_gpiote.c.obj)
                0x000000000000628c                nrfx_gpiote_20_irq_handler
 .text.nrfx_gpiote_30_irq_handler
                0x000000000000629c       0x10 modules/hal_nordic/modules/hal_nordic/nrfx/libmodules__hal_nordic__nrfx.a(nrfx_gpiote.c.obj)
                0x000000000000629c                nrfx_gpiote_30_irq_handler
 .text.cc_channel_prepare
                0x00000000000062ac       0x40 modules/hal_nordic/modules/hal_nordic/nrfx/libmodules__hal_nordic__nrfx.a(nrfx_grtc.c.obj)
 .text.sleep_configure
                0x00000000000062ec       0x24 modules/hal_nordic/modules/hal_nordic/nrfx/libmodules__hal_nordic__nrfx.a(nrfx_grtc.c.obj)
 .text.syscounter_check
                0x0000000000006310       0x38 modules/hal_nordic/modules/hal_nordic/nrfx/libmodules__hal_nordic__nrfx.a(nrfx_grtc.c.obj)
 .text.nrfx_grtc_syscounter_get
                0x0000000000006348       0x48 modules/hal_nordic/modules/hal_nordic/nrfx/libmodules__hal_nordic__nrfx.a(nrfx_grtc.c.obj)
                0x0000000000006348                nrfx_grtc_syscounter_get
 .text.nrfx_grtc_init
                0x0000000000006390      0x120 modules/hal_nordic/modules/hal_nordic/nrfx/libmodules__hal_nordic__nrfx.a(nrfx_grtc.c.obj)
                0x0000000000006390                nrfx_grtc_init
 .text.nrfx_grtc_syscounter_start
                0x00000000000064b0       0xc8 modules/hal_nordic/modules/hal_nordic/nrfx/libmodules__hal_nordic__nrfx.a(nrfx_grtc.c.obj)
                0x00000000000064b0                nrfx_grtc_syscounter_start
 .text.nrfx_grtc_syscounter_cc_absolute_set
                0x0000000000006578       0x98 modules/hal_nordic/modules/hal_nordic/nrfx/libmodules__hal_nordic__nrfx.a(nrfx_grtc.c.obj)
                0x0000000000006578                nrfx_grtc_syscounter_cc_absolute_set
 .text.nrfx_grtc_irq_handler
                0x0000000000006610       0xb0 modules/hal_nordic/modules/hal_nordic/nrfx/libmodules__hal_nordic__nrfx.a(nrfx_grtc.c.obj)
                0x0000000000006610                nrfx_grtc_irq_handler
 .text.nrf_gpio_pin_port_decode
                0x00000000000066c0       0x20 modules/hal_nordic/modules/hal_nordic/nrfx/libmodules__hal_nordic__nrfx.a(nrfx_pwm.c.obj)
 .text.pwm_stopped_check
                0x00000000000066e0       0x34 modules/hal_nordic/modules/hal_nordic/nrfx/libmodules__hal_nordic__nrfx.a(nrfx_pwm.c.obj)
 .text.pwm_configure
                0x0000000000006714      0x114 modules/hal_nordic/modules/hal_nordic/nrfx/libmodules__hal_nordic__nrfx.a(nrfx_pwm.c.obj)
 .text.nrfx_pwm_init
                0x0000000000006828       0x4c modules/hal_nordic/modules/hal_nordic/nrfx/libmodules__hal_nordic__nrfx.a(nrfx_pwm.c.obj)
                0x0000000000006828                nrfx_pwm_init
 .text.nrfx_pwm_simple_playback
                0x0000000000006874       0x80 modules/hal_nordic/modules/hal_nordic/nrfx/libmodules__hal_nordic__nrfx.a(nrfx_pwm.c.obj)
                0x0000000000006874                nrfx_pwm_simple_playback
 .text.nrfx_pwm_stop
                0x00000000000068f4       0x44 modules/hal_nordic/modules/hal_nordic/nrfx/libmodules__hal_nordic__nrfx.a(nrfx_pwm.c.obj)
                0x00000000000068f4                nrfx_pwm_stop
 .text.nrfx_pwm_20_irq_handler
                0x0000000000006938       0x10 modules/hal_nordic/modules/hal_nordic/nrfx/libmodules__hal_nordic__nrfx.a(nrfx_pwm.c.obj)
                0x0000000000006938                nrfx_pwm_20_irq_handler
 .text.nrfx_pwm_21_irq_handler
                0x0000000000006948       0x10 modules/hal_nordic/modules/hal_nordic/nrfx/libmodules__hal_nordic__nrfx.a(nrfx_pwm.c.obj)
                0x0000000000006948                nrfx_pwm_21_irq_handler
 .text.__nrfy_internal_rramc_config_set.constprop.0.isra.0
                0x0000000000006958       0x18 modules/hal_nordic/modules/hal_nordic/nrfx/libmodules__hal_nordic__nrfx.a(nrfx_rramc.c.obj)
 .text.k_sys_fatal_error_handler
                0x0000000000006970       0x20 zephyr/kernel/libkernel.a(fatal.c.obj)
                0x0000000000006970                k_sys_fatal_error_handler
 .text.z_fatal_error
                0x0000000000006990       0xe8 zephyr/kernel/libkernel.a(fatal.c.obj)
                0x0000000000006990                z_fatal_error
 .text.z_sys_init_run_level
                0x0000000000006a78       0x30 zephyr/kernel/libkernel.a(init.c.obj)
 .text.bg_thread_main
                0x0000000000006aa8       0xc0 zephyr/kernel/libkernel.a(init.c.obj)
 .text.z_bss_zero
                0x0000000000006b68       0x18 zephyr/kernel/libkernel.a(init.c.obj)
                0x0000000000006b68                z_bss_zero
 .text.z_init_cpu
                0x0000000000006b80       0x68 zephyr/kernel/libkernel.a(init.c.obj)
                0x0000000000006b80                z_init_cpu
 .text.z_cstart
                0x0000000000006be8       0xd4 zephyr/kernel/libkernel.a(init.c.obj)
                0x0000000000006be8                z_cstart
 .text.z_impl_k_mutex_lock
                0x0000000000006cbc       0xf0 zephyr/kernel/libkernel.a(mutex.c.obj)
                0x0000000000006cbc                z_impl_k_mutex_lock
 .text.z_impl_k_mutex_unlock
                0x0000000000006dac       0xa0 zephyr/kernel/libkernel.a(mutex.c.obj)
                0x0000000000006dac                z_impl_k_mutex_unlock
 .text.z_impl_k_sem_give
                0x0000000000006e4c       0x68 zephyr/kernel/libkernel.a(sem.c.obj)
                0x0000000000006e4c                z_impl_k_sem_give
 .text.z_impl_k_sem_take
                0x0000000000006eb4       0x4c zephyr/kernel/libkernel.a(sem.c.obj)
                0x0000000000006eb4                z_impl_k_sem_take
 .text.z_setup_new_thread
                0x0000000000006f00       0x80 zephyr/kernel/libkernel.a(thread.c.obj)
                0x0000000000006f00                z_setup_new_thread
 .text.z_impl_k_thread_create
                0x0000000000006f80       0x58 zephyr/kernel/libkernel.a(thread.c.obj)
                0x0000000000006f80                z_impl_k_thread_create
 .text.z_dummy_thread_init
                0x0000000000006fd8       0x18 zephyr/kernel/libkernel.a(thread.c.obj)
                0x0000000000006fd8                z_dummy_thread_init
 .text.z_swap_irqlock
                0x0000000000006ff0       0x34 zephyr/kernel/libkernel.a(sched.c.obj)
 .text.ready_thread
                0x0000000000007024       0x84 zephyr/kernel/libkernel.a(sched.c.obj)
 .text.unready_thread
                0x00000000000070a8       0x54 zephyr/kernel/libkernel.a(sched.c.obj)
 .text.add_thread_timeout
                0x00000000000070fc       0x1c zephyr/kernel/libkernel.a(sched.c.obj)
 .text.move_thread_to_end_of_prio_q
                0x0000000000007118       0x90 zephyr/kernel/libkernel.a(sched.c.obj)
                0x0000000000007118                move_thread_to_end_of_prio_q
 .text.z_pend_curr
                0x00000000000071a8       0x44 zephyr/kernel/libkernel.a(sched.c.obj)
                0x00000000000071a8                z_pend_curr
 .text.z_thread_prio_set
                0x00000000000071ec       0xe4 zephyr/kernel/libkernel.a(sched.c.obj)
                0x00000000000071ec                z_thread_prio_set
 .text.z_reschedule
                0x00000000000072d0       0x24 zephyr/kernel/libkernel.a(sched.c.obj)
                0x00000000000072d0                z_reschedule
 .text.z_reschedule_irqlock
                0x00000000000072f4       0x28 zephyr/kernel/libkernel.a(sched.c.obj)
                0x00000000000072f4                z_reschedule_irqlock
 .text.k_sched_lock
                0x000000000000731c       0x28 zephyr/kernel/libkernel.a(sched.c.obj)
                0x000000000000731c                k_sched_lock
 .text.k_sched_unlock
                0x0000000000007344       0x68 zephyr/kernel/libkernel.a(sched.c.obj)
                0x0000000000007344                k_sched_unlock
 .text.z_sched_init
                0x00000000000073ac       0x10 zephyr/kernel/libkernel.a(sched.c.obj)
                0x00000000000073ac                z_sched_init
 .text.z_impl_k_yield
                0x00000000000073bc       0x88 zephyr/kernel/libkernel.a(sched.c.obj)
                0x00000000000073bc                z_impl_k_yield
 .text.z_tick_sleep
                0x0000000000007444       0x78 zephyr/kernel/libkernel.a(sched.c.obj)
 .text.z_impl_k_sleep
                0x00000000000074bc       0x5c zephyr/kernel/libkernel.a(sched.c.obj)
                0x00000000000074bc                z_impl_k_sleep
 .text.z_impl_k_wakeup
                0x0000000000007518       0x48 zephyr/kernel/libkernel.a(sched.c.obj)
                0x0000000000007518                z_impl_k_wakeup
 .text.z_impl_k_sched_current_thread_query
                0x0000000000007560        0xc zephyr/kernel/libkernel.a(sched.c.obj)
                0x0000000000007560                z_impl_k_sched_current_thread_query
 .text.z_thread_abort
                0x000000000000756c      0x138 zephyr/kernel/libkernel.a(sched.c.obj)
                0x000000000000756c                z_thread_abort
 .text.slice_timeout
                0x00000000000076a4       0x20 zephyr/kernel/libkernel.a(timeslicing.c.obj)
 .text.thread_is_sliceable
                0x00000000000076c4       0x3c zephyr/kernel/libkernel.a(timeslicing.c.obj)
                0x00000000000076c4                thread_is_sliceable
 .text.z_reset_time_slice
                0x0000000000007700       0x50 zephyr/kernel/libkernel.a(timeslicing.c.obj)
                0x0000000000007700                z_reset_time_slice
 .text.z_time_slice
                0x0000000000007750       0x60 zephyr/kernel/libkernel.a(timeslicing.c.obj)
                0x0000000000007750                z_time_slice
 .text.z_data_copy
                0x00000000000077b0       0x38 zephyr/kernel/libkernel.a(xip.c.obj)
                0x00000000000077b0                z_data_copy
 .text.first    0x00000000000077e8       0x10 zephyr/kernel/libkernel.a(timeout.c.obj)
 .text.elapsed  0x00000000000077f8       0x14 zephyr/kernel/libkernel.a(timeout.c.obj)
 .text.remove_timeout
                0x000000000000780c       0x38 zephyr/kernel/libkernel.a(timeout.c.obj)
 .text.z_add_timeout
                0x0000000000007844      0x124 zephyr/kernel/libkernel.a(timeout.c.obj)
                0x0000000000007844                z_add_timeout
 .text.sys_clock_announce
                0x0000000000007968       0xbc zephyr/kernel/libkernel.a(timeout.c.obj)
                0x0000000000007968                sys_clock_announce
 .text.sys_clock_tick_get
                0x0000000000007a24       0x30 zephyr/kernel/libkernel.a(timeout.c.obj)
                0x0000000000007a24                sys_clock_tick_get
 .text.z_timer_expiration_handler
                0x0000000000007a54       0xe0 zephyr/kernel/libkernel.a(timer.c.obj)
                0x0000000000007a54                z_timer_expiration_handler
 .text.z_impl_k_timer_start
                0x0000000000007b34       0x74 zephyr/kernel/libkernel.a(timer.c.obj)
                0x0000000000007b34                z_impl_k_timer_start
 .text.psa_get_initialized
                0x0000000000007ba8       0x4c modules/nrf/subsys/nrf_security/src/core/nrf_oberon/libpsa_core.a(psa_crypto.c.obj)
 .text.mbedtls_psa_crypto_free
                0x0000000000007bf4       0x90 modules/nrf/subsys/nrf_security/src/core/nrf_oberon/libpsa_core.a(psa_crypto.c.obj)
                0x0000000000007bf4                mbedtls_psa_crypto_free
 .text.psa_crypto_init
                0x0000000000007c84      0x104 modules/nrf/subsys/nrf_security/src/core/nrf_oberon/libpsa_core.a(psa_crypto.c.obj)
                0x0000000000007c84                psa_crypto_init
 .text.psa_initialize_key_slots
                0x0000000000007d88       0x10 modules/nrf/subsys/nrf_security/src/core/nrf_oberon/libpsa_core.a(psa_crypto_slot_management.c.obj)
                0x0000000000007d88                psa_initialize_key_slots
 .text.psa_wipe_all_key_slots
                0x0000000000007d98       0x34 modules/nrf/subsys/nrf_security/src/core/nrf_oberon/libpsa_core.a(psa_crypto_slot_management.c.obj)
                0x0000000000007d98                psa_wipe_all_key_slots
 .text.mbedtls_free
                0x0000000000007dcc        0xc modules/nrf/subsys/nrf_security/src/core/nrf_oberon/libpsa_core.a(platform.c.obj)
                0x0000000000007dcc                mbedtls_free
 .text.mbedtls_platform_zeroize
                0x0000000000007dd8       0x18 modules/nrf/subsys/nrf_security/src/core/nrf_oberon/libpsa_core.a(platform_util.c.obj)
                0x0000000000007dd8                mbedtls_platform_zeroize
 .text.cracen_acquire
                0x0000000000007df0       0x40 modules/nrf/subsys/nrf_security/src/drivers/cracen/libcracen_psa_driver.a(cracen.c.obj)
                0x0000000000007df0                cracen_acquire
 .text.cracen_release
                0x0000000000007e30       0x6c modules/nrf/subsys/nrf_security/src/drivers/cracen/libcracen_psa_driver.a(cracen.c.obj)
                0x0000000000007e30                cracen_release
 .text.cracen_init
                0x0000000000007e9c       0x5c modules/nrf/subsys/nrf_security/src/drivers/cracen/libcracen_psa_driver.a(cracen.c.obj)
                0x0000000000007e9c                cracen_init
 .text.lib_kmu_clear_all_events
                0x0000000000007ef8       0x24 modules/nrf/subsys/nrf_security/src/drivers/cracen/libcracen_psa_driver.a(lib_kmu.c.obj)
                0x0000000000007ef8                lib_kmu_clear_all_events
 .text.trigger_task_and_wait_for_event_or_error
                0x0000000000007f1c       0x54 modules/nrf/subsys/nrf_security/src/drivers/cracen/libcracen_psa_driver.a(lib_kmu.c.obj)
 .text.lib_kmu_provision_slot
                0x0000000000007f70       0x3c modules/nrf/subsys/nrf_security/src/drivers/cracen/libcracen_psa_driver.a(lib_kmu.c.obj)
                0x0000000000007f70                lib_kmu_provision_slot
 .text.lib_kmu_revoke_slot
                0x0000000000007fac       0x34 modules/nrf/subsys/nrf_security/src/drivers/cracen/libcracen_psa_driver.a(lib_kmu.c.obj)
                0x0000000000007fac                lib_kmu_revoke_slot
 .text.lib_kmu_read_metadata
                0x0000000000007fe0       0x30 modules/nrf/subsys/nrf_security/src/drivers/cracen/libcracen_psa_driver.a(lib_kmu.c.obj)
                0x0000000000007fe0                lib_kmu_read_metadata
 .text.cracen_kmu_provision
                0x0000000000008010      0x250 modules/nrf/subsys/nrf_security/src/drivers/cracen/libcracen_psa_driver.a(kmu.c.obj)
                0x0000000000008010                cracen_kmu_provision
 .text.cracen_provision_prot_ram_inv_data
                0x0000000000008260       0x7c modules/nrf/subsys/nrf_security/src/drivers/cracen/libcracen_psa_driver.a(kmu.c.obj)
                0x0000000000008260                cracen_provision_prot_ram_inv_data
 .text.sx_hw_reserve
                0x00000000000082dc       0x54 modules/nrf/subsys/nrf_security/src/drivers/cracen/libcracen_psa_driver.a(cmdma_hw.c.obj)
                0x00000000000082dc                sx_hw_reserve
 .text.sx_cmdma_release_hw
                0x0000000000008330       0x30 modules/nrf/subsys/nrf_security/src/drivers/cracen/libcracen_psa_driver.a(cmdma_hw.c.obj)
                0x0000000000008330                sx_cmdma_release_hw
 .text.cracen_isr_handler
                0x0000000000008360       0x68 modules/nrf/subsys/nrf_security/src/drivers/cracen/libcracen_psa_driver.a(interrupts.c.obj)
                0x0000000000008360                cracen_isr_handler
 .text.cracen_interrupts_init
                0x00000000000083c8       0x28 modules/nrf/subsys/nrf_security/src/drivers/cracen/libcracen_psa_driver.a(interrupts.c.obj)
                0x00000000000083c8                cracen_interrupts_init
 .text.cracen_wait_for_cm_interrupt
                0x00000000000083f0       0x30 modules/nrf/subsys/nrf_security/src/drivers/cracen/libcracen_psa_driver.a(interrupts.c.obj)
                0x00000000000083f0                cracen_wait_for_cm_interrupt
 .text.sx_pk_fetch_capabilities
                0x0000000000008420       0x24 modules/nrf/subsys/nrf_security/src/drivers/cracen/libcracen_psa_driver.a(pk_baremetal.c.obj)
                0x0000000000008420                sx_pk_fetch_capabilities
 .text.sx_pk_init
                0x0000000000008444       0x3c modules/nrf/subsys/nrf_security/src/drivers/cracen/libcracen_psa_driver.a(pk_baremetal.c.obj)
                0x0000000000008444                sx_pk_init
 .text.sx_get_current_req
                0x0000000000008480        0x8 modules/nrf/subsys/nrf_security/src/drivers/cracen/libcracen_psa_driver.a(pk_baremetal.c.obj)
                0x0000000000008480                sx_get_current_req
 .text.ctr_drbg_update
                0x0000000000008488       0x9c modules/nrf/subsys/nrf_security/src/drivers/cracen/libcracen_psa_driver.a(ctr_drbg.c.obj)
 .text.cracen_init_random
                0x0000000000008524       0x70 modules/nrf/subsys/nrf_security/src/drivers/cracen/libcracen_psa_driver.a(ctr_drbg.c.obj)
                0x0000000000008524                cracen_init_random
 .text.cracen_get_random
                0x0000000000008594      0x110 modules/nrf/subsys/nrf_security/src/drivers/cracen/libcracen_psa_driver.a(ctr_drbg.c.obj)
                0x0000000000008594                cracen_get_random
 .text.sx_blkcipher_ecb_simple
                0x00000000000086a4       0xa4 modules/nrf/subsys/nrf_security/src/drivers/cracen/libcracen_psa_driver.a(blkcipher.c.obj)
                0x00000000000086a4                sx_blkcipher_ecb_simple
 .text.sx_trng_flush
                0x0000000000008748       0x30 modules/nrf/subsys/nrf_security/src/drivers/cracen/libcracen_psa_driver.a(trng.c.obj)
 .text.sx_trng_restart
                0x0000000000008778       0x28 modules/nrf/subsys/nrf_security/src/drivers/cracen/libcracen_psa_driver.a(trng.c.obj)
                0x0000000000008778                sx_trng_restart
 .text.sx_trng_open
                0x00000000000087a0       0xa4 modules/nrf/subsys/nrf_security/src/drivers/cracen/libcracen_psa_driver.a(trng.c.obj)
                0x00000000000087a0                sx_trng_open
 .text.sx_trng_get
                0x0000000000008844       0xd4 modules/nrf/subsys/nrf_security/src/drivers/cracen/libcracen_psa_driver.a(trng.c.obj)
                0x0000000000008844                sx_trng_get
 .text.k_event_post_internal
                0x0000000000008918       0x5c zephyr/kernel/libkernel.a(events.c.obj)
 .text.snprintf
                0x0000000000008974       0x58 /home/maxitai/ncs/toolchains/c5be9c56c7/opt/zephyr-sdk/arm-zephyr-eabi/bin/../lib/gcc/../../picolibc/arm-zephyr-eabi/lib/thumb/v8-m.main/nofp/libc.a(libc_tinystdio_snprintf.c.o)
                0x0000000000008974                snprintf
 .text.__l_vfprintf
                0x00000000000089cc      0x4b4 /home/maxitai/ncs/toolchains/c5be9c56c7/opt/zephyr-sdk/arm-zephyr-eabi/bin/../lib/gcc/../../picolibc/arm-zephyr-eabi/lib/thumb/v8-m.main/nofp/libc.a(libc_tinystdio_vflprintf.c.o)
                0x00000000000089cc                __l_vfprintf
 .text.sin      0x0000000000008e80       0x8c /home/maxitai/ncs/toolchains/c5be9c56c7/opt/zephyr-sdk/arm-zephyr-eabi/bin/../lib/gcc/../../picolibc/arm-zephyr-eabi/lib/thumb/v8-m.main/nofp/libc.a(libm_math_s_sin.c.o)
                0x0000000000008e80                sinl
                0x0000000000008e80                sin
                0x0000000000008e80                _sin
 .text.__math_invalid
                0x0000000000008f0c       0x10 /home/maxitai/ncs/toolchains/c5be9c56c7/opt/zephyr-sdk/arm-zephyr-eabi/bin/../lib/gcc/../../picolibc/arm-zephyr-eabi/lib/thumb/v8-m.main/nofp/libc.a(libm_common_math_err_invalid.c.o)
                0x0000000000008f0c                __math_invalid
 .text.__fpclassifyd
                0x0000000000008f1c       0x48 /home/maxitai/ncs/toolchains/c5be9c56c7/opt/zephyr-sdk/arm-zephyr-eabi/bin/../lib/gcc/../../picolibc/arm-zephyr-eabi/lib/thumb/v8-m.main/nofp/libc.a(libm_common_s_fpclassify.c.o)
                0x0000000000008f1c                __fpclassifyl
                0x0000000000008f1c                __fpclassifyd
 .text.__kernel_rem_pio2
                0x0000000000008f64      0x664 /home/maxitai/ncs/toolchains/c5be9c56c7/opt/zephyr-sdk/arm-zephyr-eabi/bin/../lib/gcc/../../picolibc/arm-zephyr-eabi/lib/thumb/v8-m.main/nofp/libc.a(libm_math_k_rem_pio2.c.o)
                0x0000000000008f64                __kernel_rem_pio2
 .text.scalbn   0x00000000000095c8       0xb4 /home/maxitai/ncs/toolchains/c5be9c56c7/opt/zephyr-sdk/arm-zephyr-eabi/bin/../lib/gcc/../../picolibc/arm-zephyr-eabi/lib/thumb/v8-m.main/nofp/libc.a(libm_common_s_scalbn.c.o)
                0x00000000000095c8                ldexp
                0x00000000000095c8                scalbnl
                0x00000000000095c8                scalbn
                0x00000000000095c8                ldexpl
 .text.__math_oflow
                0x000000000000967c       0x18 /home/maxitai/ncs/toolchains/c5be9c56c7/opt/zephyr-sdk/arm-zephyr-eabi/bin/../lib/gcc/../../picolibc/arm-zephyr-eabi/lib/thumb/v8-m.main/nofp/libc.a(libm_common_math_err_oflow.c.o)
                0x000000000000967c                __math_oflow
 .text.floor    0x0000000000009694       0xa8 /home/maxitai/ncs/toolchains/c5be9c56c7/opt/zephyr-sdk/arm-zephyr-eabi/bin/../lib/gcc/../../picolibc/arm-zephyr-eabi/lib/thumb/v8-m.main/nofp/libc.a(libm_machine_arm_s_floor.c.o)
                0x0000000000009694                floor
                0x0000000000009694                floorl
 .text._OffsetAbsSyms
                0x000000000000973c        0x2 zephyr/CMakeFiles/offsets.dir/./arch/arm/core/offsets/offsets.c.obj
                0x000000000000973c                _OffsetAbsSyms
 .text.motor_thread_fn
                0x000000000000973e        0x8 app/libapp.a(main.c.obj)
                0x000000000000973e                motor_thread_fn
 .text.led_thread_fn
                0x0000000000009746       0x12 app/libapp.a(main.c.obj)
                0x0000000000009746                led_thread_fn
 .text.k_msleep.isra.0
                0x0000000000009758       0x24 app/libapp.a(led_control.c.obj)
 .text.k_msleep.isra.0
                0x000000000000977c       0x24 app/libapp.a(motor_driver.c.obj)
 .text.motor_driver_init
                0x00000000000097a0        0x4 app/libapp.a(motor_driver.c.obj)
                0x00000000000097a0                motor_driver_init
 .text.chunk_field
                0x00000000000097a4       0x16 zephyr/libzephyr.a(heap.c.obj)
 .text.chunk_set
                0x00000000000097ba       0x16 zephyr/libzephyr.a(heap.c.obj)
 .text.chunk_size
                0x00000000000097d0        0xc zephyr/libzephyr.a(heap.c.obj)
 .text.set_chunk_used
                0x00000000000097dc       0x30 zephyr/libzephyr.a(heap.c.obj)
 .text.set_chunk_size
                0x000000000000980c        0x8 zephyr/libzephyr.a(heap.c.obj)
 .text.bucket_idx.isra.0
                0x0000000000009814       0x1c zephyr/libzephyr.a(heap.c.obj)
 .text.free_list_add
                0x0000000000009830       0x84 zephyr/libzephyr.a(heap.c.obj)
 .text.sys_heap_init
                0x00000000000098b4       0xb0 zephyr/libzephyr.a(heap.c.obj)
                0x00000000000098b4                sys_heap_init
 .text.cbpprintf_external
                0x0000000000009964       0x62 zephyr/libzephyr.a(cbprintf_packaged.c.obj)
                0x0000000000009964                cbpprintf_external
 .text.is_ptr   0x00000000000099c6       0x4a zephyr/libzephyr.a(cbprintf_packaged.c.obj)
                0x00000000000099c6                is_ptr
 .text.arch_printk_char_out
                0x0000000000009a10        0x4 zephyr/libzephyr.a(printk.c.obj)
                0x0000000000009a10                arch_printk_char_out
 .text.printk   0x0000000000009a14       0x1a zephyr/libzephyr.a(printk.c.obj)
                0x0000000000009a14                printk
 .text.free_space
                0x0000000000009a2e       0x26 zephyr/libzephyr.a(mpsc_pbuf.c.obj)
 .text.get_usage
                0x0000000000009a54       0x22 zephyr/libzephyr.a(mpsc_pbuf.c.obj)
 .text.idx_inc  0x0000000000009a76       0x1c zephyr/libzephyr.a(mpsc_pbuf.c.obj)
 .text.rd_idx_inc
                0x0000000000009a92       0x18 zephyr/libzephyr.a(mpsc_pbuf.c.obj)
 .text.add_skip_item
                0x0000000000009aaa       0x3e zephyr/libzephyr.a(mpsc_pbuf.c.obj)
 .text.drop_item_locked
                0x0000000000009ae8      0x100 zephyr/libzephyr.a(mpsc_pbuf.c.obj)
 .text.post_drop_action
                0x0000000000009be8       0x36 zephyr/libzephyr.a(mpsc_pbuf.c.obj)
 .text.max_utilization_update
                0x0000000000009c1e       0x1a zephyr/libzephyr.a(mpsc_pbuf.c.obj)
 .text.mpsc_pbuf_init
                0x0000000000009c38       0x42 zephyr/libzephyr.a(mpsc_pbuf.c.obj)
                0x0000000000009c38                mpsc_pbuf_init
 .text.mpsc_pbuf_alloc
                0x0000000000009c7a       0xfe zephyr/libzephyr.a(mpsc_pbuf.c.obj)
                0x0000000000009c7a                mpsc_pbuf_alloc
 .text.mpsc_pbuf_commit
                0x0000000000009d78       0x3e zephyr/libzephyr.a(mpsc_pbuf.c.obj)
                0x0000000000009d78                mpsc_pbuf_commit
 .text.mpsc_pbuf_claim
                0x0000000000009db6       0xa8 zephyr/libzephyr.a(mpsc_pbuf.c.obj)
                0x0000000000009db6                mpsc_pbuf_claim
 .text.mpsc_pbuf_free
                0x0000000000009e5e       0x76 zephyr/libzephyr.a(mpsc_pbuf.c.obj)
                0x0000000000009e5e                mpsc_pbuf_free
 .text.mpsc_pbuf_is_pending
                0x0000000000009ed4       0x32 zephyr/libzephyr.a(mpsc_pbuf.c.obj)
                0x0000000000009ed4                mpsc_pbuf_is_pending
 .text.process_recheck
                0x0000000000009f06       0x38 zephyr/libzephyr.a(onoff.c.obj)
 .text.validate_args
                0x0000000000009f3e       0x20 zephyr/libzephyr.a(onoff.c.obj)
 .text.notify_one
                0x0000000000009f5e       0x2c zephyr/libzephyr.a(onoff.c.obj)
 .text.transition_complete
                0x0000000000009f8a       0x1a zephyr/libzephyr.a(onoff.c.obj)
 .text.onoff_manager_init
                0x0000000000009fa4       0x26 zephyr/libzephyr.a(onoff.c.obj)
                0x0000000000009fa4                onoff_manager_init
 .text.onoff_request
                0x0000000000009fca       0xae zephyr/libzephyr.a(onoff.c.obj)
                0x0000000000009fca                onoff_request
 .text.sys_notify_validate
                0x000000000000a078       0x22 zephyr/libzephyr.a(notify.c.obj)
                0x000000000000a078                sys_notify_validate
 .text.sys_notify_finalize
                0x000000000000a09a       0x1a zephyr/libzephyr.a(notify.c.obj)
                0x000000000000a09a                sys_notify_finalize
 .text._ConfigAbsSyms
                0x000000000000a0b4        0x2 zephyr/libzephyr.a(configs.c.obj)
                0x000000000000a0b4                _ConfigAbsSyms
 .text.log_msg_generic_get_wlen
                0x000000000000a0b6       0x20 zephyr/libzephyr.a(log_core.c.obj)
 .text.dummy_timestamp
                0x000000000000a0d6        0x4 zephyr/libzephyr.a(log_core.c.obj)
 .text.default_get_timestamp
                0x000000000000a0da        0x4 zephyr/libzephyr.a(log_core.c.obj)
 .text.atomic_inc
                0x000000000000a0de       0x12 zephyr/libzephyr.a(log_core.c.obj)
 .text.z_log_vprintk
                0x000000000000a0f0       0x1c zephyr/libzephyr.a(log_core.c.obj)
                0x000000000000a0f0                z_log_vprintk
 .text.z_log_notify_drop
                0x000000000000a10c        0x6 zephyr/libzephyr.a(log_core.c.obj)
 .text.z_log_get_tag
                0x000000000000a112        0x4 zephyr/libzephyr.a(log_core.c.obj)
                0x000000000000a112                z_log_get_tag
 .text.log_backend_enable
                0x000000000000a116       0x12 zephyr/libzephyr.a(log_mgmt.c.obj)
                0x000000000000a116                log_backend_enable
 .text.z_cbprintf_cpy
                0x000000000000a128       0x2c zephyr/libzephyr.a(log_msg.c.obj)
 .text.z_log_msg_finalize
                0x000000000000a154       0x32 zephyr/libzephyr.a(log_msg.c.obj)
                0x000000000000a154                z_log_msg_finalize
 .text.z_log_msg_simple_create
                0x000000000000a186       0x6e zephyr/libzephyr.a(log_msg.c.obj)
 .text.z_impl_z_log_msg_simple_create_0
                0x000000000000a1f4       0x12 zephyr/libzephyr.a(log_msg.c.obj)
                0x000000000000a1f4                z_impl_z_log_msg_simple_create_0
 .text.z_impl_z_log_msg_simple_create_1
                0x000000000000a206       0x14 zephyr/libzephyr.a(log_msg.c.obj)
                0x000000000000a206                z_impl_z_log_msg_simple_create_1
 .text.log_output_write
                0x000000000000a21a       0x1c zephyr/libzephyr.a(log_output.c.obj)
 .text.log_output_flush
                0x000000000000a236       0x1a zephyr/libzephyr.a(log_output.c.obj)
 .text.out_func
                0x000000000000a250       0x2e zephyr/libzephyr.a(log_output.c.obj)
 .text.cr_out_func
                0x000000000000a27e       0x1c zephyr/libzephyr.a(log_output.c.obj)
 .text.log_output_msg_process
                0x000000000000a29a       0x6a zephyr/libzephyr.a(log_output.c.obj)
                0x000000000000a29a                log_output_msg_process
 .text.format_set
                0x000000000000a304        0xc zephyr/libzephyr.a(log_backend_uart.c.obj)
 .text.log_backend_uart_init
                0x000000000000a310        0xc zephyr/libzephyr.a(log_backend_uart.c.obj)
 .text.panic    0x000000000000a31c       0x32 zephyr/libzephyr.a(log_backend_uart.c.obj)
 .text.dropped  0x000000000000a34e        0xa zephyr/libzephyr.a(log_backend_uart.c.obj)
 .text.process  0x000000000000a358       0x1e zephyr/libzephyr.a(log_backend_uart.c.obj)
 .text.z_do_kernel_oops
                0x000000000000a376        0x8 zephyr/arch/arch/arm/core/libarch__arm__core.a(fatal.c.obj)
                0x000000000000a376                z_do_kernel_oops
 .text.z_arm_nmi
                0x000000000000a37e        0xe zephyr/arch/arch/arm/core/libarch__arm__core.a(nmi.c.obj)
                0x000000000000a37e                z_arm_nmi
 .text.z_log_msg_simple_create_0.constprop.0
                0x000000000000a38c        0x8 zephyr/arch/arch/arm/core/cortex_m/libarch__arm__core__cortex_m.a(fault.c.obj)
 .text.z_irq_spurious
                0x000000000000a394        0x8 zephyr/arch/arch/arm/core/cortex_m/libarch__arm__core__cortex_m.a(irq_manage.c.obj)
                0x000000000000a394                z_irq_spurious
 .text.configure_builtin_stack_guard
                0x000000000000a39c        0x8 zephyr/arch/arch/arm/core/cortex_m/libarch__arm__core__cortex_m.a(thread.c.obj)
                0x000000000000a39c                configure_builtin_stack_guard
 .text.arch_irq_unlock_outlined
                0x000000000000a3a4        0xe zephyr/arch/arch/arm/core/cortex_m/libarch__arm__core__cortex_m.a(thread.c.obj)
                0x000000000000a3a4                arch_irq_unlock_outlined
 .text.arch_cpu_idle
                0x000000000000a3b2       0x1a zephyr/arch/arch/arm/core/cortex_m/libarch__arm__core__cortex_m.a(cpu_idle.c.obj)
                0x000000000000a3b2                arch_cpu_idle
 .text.arch_cpu_atomic_idle
                0x000000000000a3cc       0x1e zephyr/arch/arch/arm/core/cortex_m/libarch__arm__core__cortex_m.a(cpu_idle.c.obj)
                0x000000000000a3cc                arch_cpu_atomic_idle
 .text.arm_cmse_mpu_region_get
                0x000000000000a3ea       0x12 zephyr/arch/arch/arm/core/cortex_m/cmse/libarch__arm__core__cortex_m__cmse.a(arm_core_cmse.c.obj)
                0x000000000000a3ea                arm_cmse_mpu_region_get
 .text.mpu_configure_region
                0x000000000000a3fc       0x32 zephyr/arch/arch/arm/core/mpu/libarch__arm__core__mpu.a(arm_mpu.c.obj)
 .text.cbputc   0x000000000000a42e        0xc zephyr/lib/libc/picolibc/liblib__libc__picolibc.a(cbprintf.c.obj)
 .text.picolibc_put
                0x000000000000a43a        0xa zephyr/lib/libc/picolibc/liblib__libc__picolibc.a(stdio.c.obj)
 .text.get_status
                0x000000000000a444       0x12 zephyr/drivers/clock_control/libdrivers__clock_control.a(clock_control_nrf.c.obj)
 .text.stop     0x000000000000a456       0x50 zephyr/drivers/clock_control/libdrivers__clock_control.a(clock_control_nrf.c.obj)
 .text.api_stop
                0x000000000000a4a6        0x6 zephyr/drivers/clock_control/libdrivers__clock_control.a(clock_control_nrf.c.obj)
 .text.async_start
                0x000000000000a4ac       0x5a zephyr/drivers/clock_control/libdrivers__clock_control.a(clock_control_nrf.c.obj)
 .text.api_start
                0x000000000000a506        0xe zephyr/drivers/clock_control/libdrivers__clock_control.a(clock_control_nrf.c.obj)
 .text.onoff_started_callback
                0x000000000000a514       0x12 zephyr/drivers/clock_control/libdrivers__clock_control.a(clock_control_nrf.c.obj)
 .text.lfclk_start
                0x000000000000a526        0x6 zephyr/drivers/clock_control/libdrivers__clock_control.a(clock_control_nrf.c.obj)
 .text.lfclk_stop
                0x000000000000a52c        0x6 zephyr/drivers/clock_control/libdrivers__clock_control.a(clock_control_nrf.c.obj)
 .text.blocking_start_callback
                0x000000000000a532        0x6 zephyr/drivers/clock_control/libdrivers__clock_control.a(clock_control_nrf.c.obj)
 .text.clock_event_handler
                0x000000000000a538       0x14 zephyr/drivers/clock_control/libdrivers__clock_control.a(clock_control_nrf.c.obj)
 .text.gpio_nrfx_port_get_raw
                0x000000000000a54c        0xc zephyr/drivers/gpio/libdrivers__gpio.a(gpio_nrfx.c.obj)
 .text.gpio_nrfx_port_set_masked_raw
                0x000000000000a558       0x14 zephyr/drivers/gpio/libdrivers__gpio.a(gpio_nrfx.c.obj)
 .text.gpio_nrfx_port_set_bits_raw
                0x000000000000a56c        0xa zephyr/drivers/gpio/libdrivers__gpio.a(gpio_nrfx.c.obj)
 .text.gpio_nrfx_port_clear_bits_raw
                0x000000000000a576        0xa zephyr/drivers/gpio/libdrivers__gpio.a(gpio_nrfx.c.obj)
 .text.gpio_nrfx_port_toggle_bits
                0x000000000000a580       0x14 zephyr/drivers/gpio/libdrivers__gpio.a(gpio_nrfx.c.obj)
 .text.gpio_nrfx_manage_callback
                0x000000000000a594       0x52 zephyr/drivers/gpio/libdrivers__gpio.a(gpio_nrfx.c.obj)
 .text.led_gpio_set_brightness
                0x000000000000a5e6       0x3e zephyr/drivers/led/libdrivers__led.a(led_gpio.c.obj)
 .text.led_pwm_blink
                0x000000000000a624       0x44 zephyr/drivers/led/libdrivers__led.a(led_pwm.c.obj)
 .text.led_pwm_set_brightness
                0x000000000000a668       0x44 zephyr/drivers/led/libdrivers__led.a(led_pwm.c.obj)
 .text.pinctrl_lookup_state
                0x000000000000a6ac       0x26 zephyr/drivers/pinctrl/libdrivers__pinctrl.a(common.c.obj)
                0x000000000000a6ac                pinctrl_lookup_state
 .text.pwm_handler
                0x000000000000a6d2        0x2 zephyr/drivers/pwm/libdrivers__pwm.a(pwm_nrfx.c.obj)
 .text.pwm_nrfx_get_cycles_per_sec
                0x000000000000a6d4        0xc zephyr/drivers/pwm/libdrivers__pwm.a(pwm_nrfx.c.obj)
 .text.pwm_nrfx_init20
                0x000000000000a6e0       0x18 zephyr/drivers/pwm/libdrivers__pwm.a(pwm_nrfx.c.obj)
 .text.pwm_nrfx_init21
                0x000000000000a6f8       0x18 zephyr/drivers/pwm/libdrivers__pwm.a(pwm_nrfx.c.obj)
 .text.uarte_nrfx_isr_int
                0x000000000000a710        0xa zephyr/drivers/serial/libdrivers__serial.a(uart_nrfx_uarte.c.obj)
 .text.uarte_nrfx_err_check
                0x000000000000a71a        0xe zephyr/drivers/serial/libdrivers__serial.a(uart_nrfx_uarte.c.obj)
 .text.uarte_nrfx_poll_in
                0x000000000000a728       0x26 zephyr/drivers/serial/libdrivers__serial.a(uart_nrfx_uarte.c.obj)
 .text.pinctrl_apply_state.isra.0
                0x000000000000a74e       0x1e zephyr/drivers/serial/libdrivers__serial.a(uart_nrfx_uarte.c.obj)
 .text.counter  0x000000000000a76c       0x12 zephyr/drivers/timer/libdrivers__timer.a(nrf_grtc_timer.c.obj)
 .text.sys_clock_cycle_get_32
                0x000000000000a77e       0x1e zephyr/drivers/timer/libdrivers__timer.a(nrf_grtc_timer.c.obj)
                0x000000000000a77e                sys_clock_cycle_get_32
 .text._psa_crypto_init
                0x000000000000a79c       0x1e modules/nrf/subsys/nrf_security/src/zephyr/libmbedtls_zephyr.a(psa_crypto_init.c.obj)
 .text.nrfx_isr
                0x000000000000a7ba        0x2 modules/hal_nordic/modules/hal_nordic/nrfx/libmodules__hal_nordic__nrfx.a(nrfx_glue.c.obj)
                0x000000000000a7ba                nrfx_isr
 .text.nrfx_busy_wait
                0x000000000000a7bc        0x4 modules/hal_nordic/modules/hal_nordic/nrfx/libmodules__hal_nordic__nrfx.a(nrfx_glue.c.obj)
                0x000000000000a7bc                nrfx_busy_wait
 .text.nrfx_clock_stop
                0x000000000000a7c0        0x4 modules/hal_nordic/modules/hal_nordic/nrfx/libmodules__hal_nordic__nrfx.a(nrfx_clock.c.obj)
                0x000000000000a7c0                nrfx_clock_stop
 .text.nrf_gpio_reconfigure
                0x000000000000a7c4       0x92 modules/hal_nordic/modules/hal_nordic/nrfx/libmodules__hal_nordic__nrfx.a(nrfx_gpiote.c.obj)
 .text.nrf_gpio_cfg_sense_set
                0x000000000000a856       0x1e modules/hal_nordic/modules/hal_nordic/nrfx/libmodules__hal_nordic__nrfx.a(nrfx_gpiote.c.obj)
 .text.call_handler
                0x000000000000a874       0x3e modules/hal_nordic/modules/hal_nordic/nrfx/libmodules__hal_nordic__nrfx.a(nrfx_gpiote.c.obj)
 .text.__nrfy_internal_gpiote_events_process
                0x000000000000a8b2       0x4e modules/hal_nordic/modules/hal_nordic/nrfx/libmodules__hal_nordic__nrfx.a(nrfx_gpiote.c.obj)
 .text.pin_trigger_disable
                0x000000000000a900       0x4a modules/hal_nordic/modules/hal_nordic/nrfx/libmodules__hal_nordic__nrfx.a(nrfx_gpiote.c.obj)
 .text.nrfx_gpiote_pin_uninit
                0x000000000000a94a        0x4 modules/hal_nordic/modules/hal_nordic/nrfx/libmodules__hal_nordic__nrfx.a(nrfx_gpiote.c.obj)
                0x000000000000a94a                nrfx_gpiote_pin_uninit
 .text.nrfx_gpiote_trigger_disable
                0x000000000000a94e        0x4 modules/hal_nordic/modules/hal_nordic/nrfx/libmodules__hal_nordic__nrfx.a(nrfx_gpiote.c.obj)
                0x000000000000a94e                nrfx_gpiote_trigger_disable
 .text.start_playback
                0x000000000000a952       0x4e modules/hal_nordic/modules/hal_nordic/nrfx/libmodules__hal_nordic__nrfx.a(nrfx_pwm.c.obj)
 .text.__nrfy_internal_pwm_event_handle.isra.0
                0x000000000000a9a0       0x22 modules/hal_nordic/modules/hal_nordic/nrfx/libmodules__hal_nordic__nrfx.a(nrfx_pwm.c.obj)
 .text.__nrfy_internal_pwm_events_process
                0x000000000000a9c2       0x54 modules/hal_nordic/modules/hal_nordic/nrfx/libmodules__hal_nordic__nrfx.a(nrfx_pwm.c.obj)
 .text.irq_handler
                0x000000000000aa16       0x68 modules/hal_nordic/modules/hal_nordic/nrfx/libmodules__hal_nordic__nrfx.a(nrfx_pwm.c.obj)
 .text.nrfx_pwm_stopped_check
                0x000000000000aa7e        0x4 modules/hal_nordic/modules/hal_nordic/nrfx/libmodules__hal_nordic__nrfx.a(nrfx_pwm.c.obj)
                0x000000000000aa7e                nrfx_pwm_stopped_check
 .text.nrfx_rramc_write_enable_set
                0x000000000000aa82        0x6 modules/hal_nordic/modules/hal_nordic/nrfx/libmodules__hal_nordic__nrfx.a(nrfx_rramc.c.obj)
                0x000000000000aa82                nrfx_rramc_write_enable_set
 .text.z_impl_k_busy_wait
                0x000000000000aa88        0x8 zephyr/kernel/libkernel.a(busy_wait.c.obj)
                0x000000000000aa88                z_impl_k_busy_wait
 .text.z_device_state_init
                0x000000000000aa90        0x2 zephyr/kernel/libkernel.a(device.c.obj)
                0x000000000000aa90                z_device_state_init
 .text.z_impl_device_is_ready
                0x000000000000aa92       0x16 zephyr/kernel/libkernel.a(device.c.obj)
                0x000000000000aa92                z_impl_device_is_ready
 .text.arch_system_halt
                0x000000000000aaa8       0x10 zephyr/kernel/libkernel.a(fatal.c.obj)
                0x000000000000aaa8                arch_system_halt
 .text.do_device_init
                0x000000000000aab8       0x2e zephyr/kernel/libkernel.a(init.c.obj)
 .text.z_early_memset
                0x000000000000aae6        0x4 zephyr/kernel/libkernel.a(init.c.obj)
                0x000000000000aae6                z_early_memset
 .text.z_early_memcpy
                0x000000000000aaea        0x4 zephyr/kernel/libkernel.a(init.c.obj)
                0x000000000000aaea                z_early_memcpy
 .text.idle     0x000000000000aaee       0x16 zephyr/kernel/libkernel.a(idle.c.obj)
                0x000000000000aaee                idle
 .text.adjust_owner_prio.isra.0
                0x000000000000ab04       0x10 zephyr/kernel/libkernel.a(mutex.c.obj)
 .text.z_impl_k_sem_init
                0x000000000000ab14       0x18 zephyr/kernel/libkernel.a(sem.c.obj)
                0x000000000000ab14                z_impl_k_sem_init
 .text.k_is_in_isr
                0x000000000000ab2c        0xc zephyr/kernel/libkernel.a(thread.c.obj)
                0x000000000000ab2c                k_is_in_isr
 .text.z_impl_k_thread_name_set
                0x000000000000ab38        0x6 zephyr/kernel/libkernel.a(thread.c.obj)
                0x000000000000ab38                z_impl_k_thread_name_set
 .text.k_thread_name_get
                0x000000000000ab3e        0x4 zephyr/kernel/libkernel.a(thread.c.obj)
                0x000000000000ab3e                k_thread_name_get
 .text.sys_dlist_remove
                0x000000000000ab42       0x10 zephyr/kernel/libkernel.a(sched.c.obj)
 .text.unpend_thread_no_timeout
                0x000000000000ab52       0x14 zephyr/kernel/libkernel.a(sched.c.obj)
 .text.add_to_waitq_locked
                0x000000000000ab66       0x50 zephyr/kernel/libkernel.a(sched.c.obj)
 .text.z_ready_thread
                0x000000000000abb6       0x1e zephyr/kernel/libkernel.a(sched.c.obj)
                0x000000000000abb6                z_ready_thread
 .text.z_unpend_thread_no_timeout
                0x000000000000abd4       0x22 zephyr/kernel/libkernel.a(sched.c.obj)
                0x000000000000abd4                z_unpend_thread_no_timeout
 .text.z_sched_wake_thread
                0x000000000000abf6       0x46 zephyr/kernel/libkernel.a(sched.c.obj)
                0x000000000000abf6                z_sched_wake_thread
 .text.z_thread_timeout
                0x000000000000ac3c        0x8 zephyr/kernel/libkernel.a(sched.c.obj)
                0x000000000000ac3c                z_thread_timeout
 .text.z_unpend1_no_timeout
                0x000000000000ac44       0x2c zephyr/kernel/libkernel.a(sched.c.obj)
                0x000000000000ac44                z_unpend1_no_timeout
 .text.z_sched_waitq_walk
                0x000000000000ac70       0x44 zephyr/kernel/libkernel.a(sched.c.obj)
                0x000000000000ac70                z_sched_waitq_walk
 .text.next_timeout
                0x000000000000acb4       0x2e zephyr/kernel/libkernel.a(timeout.c.obj)
 .text.z_abort_timeout
                0x000000000000ace2       0x50 zephyr/kernel/libkernel.a(timeout.c.obj)
                0x000000000000ace2                z_abort_timeout
 .text.sys_clock_tick_get_32
                0x000000000000ad32        0x8 zephyr/kernel/libkernel.a(timeout.c.obj)
                0x000000000000ad32                sys_clock_tick_get_32
 .text.z_impl_k_uptime_ticks
                0x000000000000ad3a        0x4 zephyr/kernel/libkernel.a(timeout.c.obj)
                0x000000000000ad3a                z_impl_k_uptime_ticks
 .text.k_timer_init
                0x000000000000ad3e       0x18 zephyr/kernel/libkernel.a(timer.c.obj)
                0x000000000000ad3e                k_timer_init
 .text.z_impl_k_timer_stop
                0x000000000000ad56       0x38 zephyr/kernel/libkernel.a(timer.c.obj)
                0x000000000000ad56                z_impl_k_timer_stop
 .text.psa_remove_key_data_from_memory
                0x000000000000ad8e       0x16 modules/nrf/subsys/nrf_security/src/core/nrf_oberon/libpsa_core.a(psa_crypto.c.obj)
                0x000000000000ad8e                psa_remove_key_data_from_memory
 .text.psa_wipe_key_slot
                0x000000000000ada4       0x3a modules/nrf/subsys/nrf_security/src/core/nrf_oberon/libpsa_core.a(psa_crypto.c.obj)
                0x000000000000ada4                psa_wipe_key_slot
 .text.psa_driver_wrapper_init
                0x000000000000adde        0x4 modules/nrf/subsys/nrf_security/src/core/nrf_oberon/libpsa_core.a(psa_crypto_driver_wrappers.c.obj)
                0x000000000000adde                psa_driver_wrapper_init
 .text.psa_driver_wrapper_free
                0x000000000000ade2        0x2 modules/nrf/subsys/nrf_security/src/core/nrf_oberon/libpsa_core.a(psa_crypto_driver_wrappers.c.obj)
                0x000000000000ade2                psa_driver_wrapper_free
 .text.psa_driver_wrapper_init_random
                0x000000000000ade4        0x4 modules/nrf/subsys/nrf_security/src/core/nrf_oberon/libpsa_core.a(psa_crypto_driver_wrappers.c.obj)
                0x000000000000ade4                psa_driver_wrapper_init_random
 .text.psa_driver_wrapper_free_random
                0x000000000000ade8        0x4 modules/nrf/subsys/nrf_security/src/core/nrf_oberon/libpsa_core.a(psa_crypto_driver_wrappers.c.obj)
                0x000000000000ade8                psa_driver_wrapper_free_random
 .text.platform_free_uninit
                0x000000000000adec        0x2 modules/nrf/subsys/nrf_security/src/core/nrf_oberon/libpsa_core.a(platform.c.obj)
 .text.mbedtls_zeroize_and_free
                0x000000000000adee       0x14 modules/nrf/subsys/nrf_security/src/core/nrf_oberon/libpsa_core.a(platform_util.c.obj)
                0x000000000000adee                mbedtls_zeroize_and_free
 .text.silex_statuscodes_to_psa
                0x000000000000ae02       0xbc modules/nrf/subsys/nrf_security/src/drivers/cracen/libcracen_psa_driver.a(common.c.obj)
                0x000000000000ae02                silex_statuscodes_to_psa
 .text.cracen_xorbytes
                0x000000000000aebe       0x1a modules/nrf/subsys/nrf_security/src/drivers/cracen/libcracen_psa_driver.a(common.c.obj)
                0x000000000000aebe                cracen_xorbytes
 .text.cracen_be_add
                0x000000000000aed8       0x14 modules/nrf/subsys/nrf_security/src/drivers/cracen/libcracen_psa_driver.a(common.c.obj)
                0x000000000000aed8                cracen_be_add
 .text.safe_memset
                0x000000000000aeec       0x16 modules/nrf/subsys/nrf_security/src/drivers/cracen/libcracen_psa_driver.a(mem_helpers.c.obj)
                0x000000000000aeec                safe_memset
 .text.safe_memzero
                0x000000000000af02       0x18 modules/nrf/subsys/nrf_security/src/drivers/cracen/libcracen_psa_driver.a(mem_helpers.c.obj)
                0x000000000000af02                safe_memzero
 .text.lib_kmu_is_slot_empty
                0x000000000000af1a       0x14 modules/nrf/subsys/nrf_security/src/drivers/cracen/libcracen_psa_driver.a(lib_kmu.c.obj)
                0x000000000000af1a                lib_kmu_is_slot_empty
 .text.psa_set_key_usage_flags
                0x000000000000af2e       0x14 modules/nrf/subsys/nrf_security/src/drivers/cracen/libcracen_psa_driver.a(kmu.c.obj)
 .text.set_provisioning_in_progress
                0x000000000000af42       0x30 modules/nrf/subsys/nrf_security/src/drivers/cracen/libcracen_psa_driver.a(kmu.c.obj)
 .text.clean_up_unfinished_provisioning
                0x000000000000af72       0x46 modules/nrf/subsys/nrf_security/src/drivers/cracen/libcracen_psa_driver.a(kmu.c.obj)
 .text.sx_clear_interrupt
                0x000000000000afb8       0x1a modules/nrf/subsys/nrf_security/src/drivers/cracen/libcracen_psa_driver.a(pk_baremetal.c.obj)
                0x000000000000afb8                sx_clear_interrupt
 .text.convert_ba414_capabilities
                0x000000000000afd2       0x4c modules/nrf/subsys/nrf_security/src/drivers/cracen/libcracen_psa_driver.a(ba414_status.c.obj)
                0x000000000000afd2                convert_ba414_capabilities
 .text.sx_pk_is_ik_cmd
                0x000000000000b01e        0xa modules/nrf/subsys/nrf_security/src/drivers/cracen/libcracen_psa_driver.a(ikhardware.c.obj)
                0x000000000000b01e                sx_pk_is_ik_cmd
 .text.psa_extend_key_usage_flags
                0x000000000000b028       0x1a modules/nrf/subsys/nrf_security/src/drivers/cracen/libcracen_psa_driver.a(ctr_drbg.c.obj)
 .text.trng_get_seed.constprop.0
                0x000000000000b042       0x3a modules/nrf/subsys/nrf_security/src/drivers/cracen/libcracen_psa_driver.a(ctr_drbg.c.obj)
 .text.sx_cmdma_reset
                0x000000000000b07c       0x42 modules/nrf/subsys/nrf_security/src/drivers/cracen/libcracen_psa_driver.a(cmdma.c.obj)
                0x000000000000b07c                sx_cmdma_reset
 .text.sx_cmdma_check
                0x000000000000b0be       0x4e modules/nrf/subsys/nrf_security/src/drivers/cracen/libcracen_psa_driver.a(cmdma.c.obj)
                0x000000000000b0be                sx_cmdma_check
 .text.sx_trng_close
                0x000000000000b10c       0x14 modules/nrf/subsys/nrf_security/src/drivers/cracen/libcracen_psa_driver.a(trng.c.obj)
                0x000000000000b10c                sx_trng_close
 .text.mbedtls_mutex_unlock_fn
                0x000000000000b120        0x4 modules/nrf/subsys/nrf_security/src/libmbedcrypto_base.a(threading_alt.c.obj)
                0x000000000000b120                mbedtls_mutex_unlock_fn
 .text.mbedtls_mutex_lock_fn
                0x000000000000b124        0xc modules/nrf/subsys/nrf_security/src/libmbedcrypto_base.a(threading_alt.c.obj)
                0x000000000000b124                mbedtls_mutex_lock_fn
 .text.nrf_security_mutex_lock
                0x000000000000b130        0xc modules/nrf/subsys/nrf_security/src/libnrf_security_utils.a(nrf_security_mutexes.c.obj)
                0x000000000000b130                nrf_security_mutex_lock
 .text.nrf_security_mutex_unlock
                0x000000000000b13c        0x4 modules/nrf/subsys/nrf_security/src/libnrf_security_utils.a(nrf_security_mutexes.c.obj)
                0x000000000000b13c                nrf_security_mutex_unlock
 .text.nrf_security_event_init
                0x000000000000b140        0x4 modules/nrf/subsys/nrf_security/src/libnrf_security_utils.a(nrf_security_events.c.obj)
                0x000000000000b140                nrf_security_event_init
 .text.nrf_security_event_wait
                0x000000000000b144       0x1a modules/nrf/subsys/nrf_security/src/libnrf_security_utils.a(nrf_security_events.c.obj)
                0x000000000000b144                nrf_security_event_wait
 .text.nrf_security_event_clear
                0x000000000000b15e        0x4 modules/nrf/subsys/nrf_security/src/libnrf_security_utils.a(nrf_security_events.c.obj)
                0x000000000000b15e                nrf_security_event_clear
 .text.nrf_security_event_set
                0x000000000000b162        0x4 modules/nrf/subsys/nrf_security/src/libnrf_security_utils.a(nrf_security_events.c.obj)
                0x000000000000b162                nrf_security_event_set
 .text.k_event_wait_internal
                0x000000000000b166       0x82 zephyr/kernel/libkernel.a(events.c.obj)
 .text.event_walk_op
                0x000000000000b1e8       0x30 zephyr/kernel/libkernel.a(events.c.obj)
 .text.z_impl_k_event_init
                0x000000000000b218        0xa zephyr/kernel/libkernel.a(events.c.obj)
                0x000000000000b218                z_impl_k_event_init
 .text.z_impl_k_event_set
                0x000000000000b222        0x8 zephyr/kernel/libkernel.a(events.c.obj)
                0x000000000000b222                z_impl_k_event_set
 .text.z_impl_k_event_clear
                0x000000000000b22a        0x8 zephyr/kernel/libkernel.a(events.c.obj)
                0x000000000000b22a                z_impl_k_event_clear
 .text.z_impl_k_event_wait
                0x000000000000b232        0x6 zephyr/kernel/libkernel.a(events.c.obj)
                0x000000000000b232                z_impl_k_event_wait
 .text.memcpy   0x000000000000b238       0x1a /home/maxitai/ncs/toolchains/c5be9c56c7/opt/zephyr-sdk/arm-zephyr-eabi/bin/../lib/gcc/../../picolibc/arm-zephyr-eabi/lib/thumb/v8-m.main/nofp/libc.a(memcpy.c.o)
                0x000000000000b238                memcpy
                0x000000000000b238                __aeabi_memcpy
                0x000000000000b238                __aeabi_memcpy4
                0x000000000000b238                __aeabi_memcpy8
 .text.memset   0x000000000000b252       0x10 /home/maxitai/ncs/toolchains/c5be9c56c7/opt/zephyr-sdk/arm-zephyr-eabi/bin/../lib/gcc/../../picolibc/arm-zephyr-eabi/lib/thumb/v8-m.main/nofp/libc.a(memset.c.o)
                0x000000000000b252                memset
 .text.strnlen  0x000000000000b262       0x18 /home/maxitai/ncs/toolchains/c5be9c56c7/opt/zephyr-sdk/arm-zephyr-eabi/bin/../lib/gcc/../../picolibc/arm-zephyr-eabi/lib/thumb/v8-m.main/nofp/libc.a(libc_string_strnlen.c.o)
                0x000000000000b262                strnlen
 .text.__ultoa_invert
                0x000000000000b27a       0xac /home/maxitai/ncs/toolchains/c5be9c56c7/opt/zephyr-sdk/arm-zephyr-eabi/bin/../lib/gcc/../../picolibc/arm-zephyr-eabi/lib/thumb/v8-m.main/nofp/libc.a(libc_tinystdio_vflprintf.c.o)
 .text.__file_str_put
                0x000000000000b326       0x10 /home/maxitai/ncs/toolchains/c5be9c56c7/opt/zephyr-sdk/arm-zephyr-eabi/bin/../lib/gcc/../../picolibc/arm-zephyr-eabi/lib/thumb/v8-m.main/nofp/libc.a(libc_tinystdio_filestrput.c.o)
                0x000000000000b326                __file_str_put
 .text.__math_uflow
                0x000000000000b336       0x10 /home/maxitai/ncs/toolchains/c5be9c56c7/opt/zephyr-sdk/arm-zephyr-eabi/bin/../lib/gcc/../../picolibc/arm-zephyr-eabi/lib/thumb/v8-m.main/nofp/libc.a(libm_common_math_err_uflow.c.o)
                0x000000000000b336                __math_uflow
 *(SORT_BY_ALIGNMENT(.TEXT.*))
 *fill*         0x000000000000b346        0x2 
 .TEXT.__aeabi_read_tp
                0x000000000000b348        0xc zephyr/arch/arch/arm/core/cortex_m/libarch__arm__core__cortex_m.a(__aeabi_read_tp.S.obj)
                0x000000000000b348                __aeabi_read_tp
 *(SORT_BY_ALIGNMENT(.gnu.linkonce.t.*))
 *(SORT_BY_ALIGNMENT(.glue_7t))
 .glue_7t       0x000000000000b354        0x0 linker stubs
 *(SORT_BY_ALIGNMENT(.glue_7))